// Jest Snapshot v1, https://goo.gl/fbAQLP

exports[`<Loader /> should match snapshot 1`] = `
<DocumentFragment>
  <div
    container="true"
    data-testid="Grid"
    spacing="1"
  >
    <div
      data-testid="Grid"
      item="true"
      lg="4"
      md="6"
      xs="12"
    >
      <div
        class="content"
        count="1"
        data-testid="Skeleton"
        height="36"
      />
    </div>
    <div
      data-testid="Grid"
      item="true"
      lg="4"
      md="6"
      xs="12"
    >
      <div
        class="content"
        count="1"
        data-testid="Skeleton"
        height="36"
      />
    </div>
    <div
      data-testid="Grid"
      item="true"
      lg="4"
      md="6"
      xs="12"
    >
      <div
        class="content"
        count="1"
        data-testid="Skeleton"
        height="36"
      />
    </div>
    <div
      data-testid="Grid"
      item="true"
      lg="4"
      md="6"
      xs="12"
    >
      <div
        class="content"
        count="1"
        data-testid="Skeleton"
        height="36"
      />
    </div>
    <div
      data-testid="Grid"
      item="true"
      lg="4"
      md="6"
      xs="12"
    >
      <div
        class="content"
        count="1"
        data-testid="Skeleton"
        height="36"
      />
    </div>
    <div
      data-testid="Grid"
      item="true"
      lg="4"
      md="6"
      xs="12"
    >
      <div
        class="content"
        count="1"
        data-testid="Skeleton"
        height="36"
      />
    </div>
    <div
      data-testid="Grid"
      item="true"
      lg="4"
      md="6"
      xs="12"
    >
      <div
        class="content"
        count="1"
        data-testid="Skeleton"
        height="36"
      />
    </div>
    <div
      data-testid="Grid"
      item="true"
      lg="4"
      md="6"
      xs="12"
    >
      <div
        class="content"
        count="1"
        data-testid="Skeleton"
        height="36"
      />
    </div>
    <div
      data-testid="Grid"
      item="true"
      lg="4"
      md="6"
      xs="12"
    >
      <div
        class="content"
        count="1"
        data-testid="Skeleton"
        height="36"
      />
    </div>
  </div>
</DocumentFragment>
`;
