// Jest Snapshot v1, https://goo.gl/fbAQLP

exports[`<GameRulesListRaw/> should match snapshot 1`] = `
<DocumentFragment>
  <div
    data-testid="Container"
  >
    <div
      class="backButtonContainer"
    >
      <button
        data-testid="IconButton"
        to=""
      >
        <div
          data-testid="ArrowBack"
        />
        <div>
          {}
        </div>
      </button>
    </div>
    <div
      container="true"
      data-testid="Grid"
      spacing="1"
    >
      <div
        data-testid="Grid"
        item="true"
        lg="4"
        md="6"
        xs="12"
      >
        <a
          class="button"
          color="primary"
          data-testid="NavLink"
          disableelevation="true"
          to="www.zirconloc.com/path/dice-wars-mobile"
          variant="contained"
        >
          Dice Wars (Mobile)
          <div>
            {}
          </div>
        </a>
      </div>
      <div
        data-testid="Grid"
        item="true"
        lg="4"
        md="6"
        xs="12"
      >
        <a
          class="button isNew"
          color="primary"
          data-testid="NavLink"
          disableelevation="true"
          to="www.zirconloc.com/path/djap-go-mobile"
          variant="contained"
        >
          Djap Go (Mobile)
          <span
            class="newTag"
          >
            <div
              data-testid="FormattedMessage"
              id="new"
            >
              <div>
                new
              </div>
            </div>
          </span>
          <div>
            {}
          </div>
        </a>
      </div>
      <div
        data-testid="Grid"
        item="true"
        lg="4"
        md="6"
        xs="12"
      >
        <a
          class="button"
          color="primary"
          data-testid="NavLink"
          disableelevation="true"
          to="www.zirconloc.com/path/sedie-mobile"
          variant="contained"
        >
          Sedie (Mobile)
          <div>
            {}
          </div>
        </a>
      </div>
      <div
        data-testid="Grid"
        item="true"
        lg="4"
        md="6"
        xs="12"
      >
        <a
          class="button isNew"
          color="primary"
          data-testid="NavLink"
          disableelevation="true"
          to="www.zirconloc.com/path/three-stars-blessing-mobile"
          variant="contained"
        >
          Three Stars Blessing (Mobile)
          <span
            class="newTag"
          >
            <div
              data-testid="FormattedMessage"
              id="new"
            >
              <div>
                new
              </div>
            </div>
          </span>
          <div>
            {}
          </div>
        </a>
      </div>
      <div
        data-testid="Grid"
        item="true"
        lg="4"
        md="6"
        xs="12"
      >
        <a
          class="button"
          color="primary"
          data-testid="NavLink"
          disableelevation="true"
          to="www.zirconloc.com/path/whack-d-mole-mobile"
          variant="contained"
        >
          Whack d' Mole (Mobile)
          <div>
            {}
          </div>
        </a>
      </div>
      <div
        data-testid="Grid"
        item="true"
        lg="4"
        md="6"
        xs="12"
      >
        <a
          class="button"
          color="primary"
          data-testid="NavLink"
          disableelevation="true"
          to="www.zirconloc.com/path/yin-yang-treasure-mobile"
          variant="contained"
        >
          Yin Yang Treasure (Mobile)
          <div>
            {}
          </div>
        </a>
      </div>
    </div>
  </div>
</DocumentFragment>
`;
