// Jest Snapshot v1, https://goo.gl/fbAQLP

exports[`GameRules Component should match snapshot 1`] = `
<DocumentFragment>
  <div
    category="gamerules"
    class="testGamingRules"
    data-testid="LangDataProvider"
  >
    <div>
      gamerules
    </div>
    <div
      class="gamingRules"
    >
      <h3>
        <div
          data-testid="FormattedMessage"
          id="applicability.title"
        >
          <div>
            applicability.title
          </div>
        </div>
      </h3>
      <div
        class="content"
      >
        <div
          data-testid="FormattedMessage"
          id="applicability.description1"
        >
          <div>
            applicability.description1
          </div>
        </div>
        <a
          class="testHomePage"
          data-testid="Link"
          href="/"
        >
          <div
            data-testid="FormattedMessage"
            id="applicability.description2"
          >
            <div>
              applicability.description2
            </div>
          </div>
        </a>
        <div
          data-testid="FormattedMessage"
          id="applicability.description3"
        >
          <div>
            applicability.description3
          </div>
        </div>
      </div>
      <h3>
        <div
          data-testid="FormattedMessage"
          id="generalRules"
        >
          <div>
            generalRules
          </div>
        </div>
      </h3>
      <ol>
        <h3>
          <li>
            <div
              data-testid="FormattedMessage"
              id="liability.title"
            >
              <div>
                liability.title
              </div>
            </div>
          </li>
        </h3>
        <div
          class="content"
        >
          <div
            data-testid="FormattedMessage"
            id="liability.description"
          >
            <div>
              liability.description
            </div>
          </div>
        </div>
        <h3>
          <li>
            <div
              data-testid="FormattedMessage"
              id="playForFun.title"
            >
              <div>
                playForFun.title
              </div>
            </div>
          </li>
        </h3>
        <div
          class="content"
        >
          <div
            data-testid="FormattedMessage"
            id="playForFun.description"
          >
            <div>
              playForFun.description
            </div>
          </div>
        </div>
        <h3>
          <li>
            <div
              data-testid="FormattedMessage"
              id="personalUse.title"
            >
              <div>
                personalUse.title
              </div>
            </div>
          </li>
        </h3>
        <div
          class="content"
        >
          <div
            data-testid="FormattedMessage"
            id="personalUse.description"
          >
            <div>
              personalUse.description
            </div>
          </div>
        </div>
        <h3>
          <li>
            <div
              data-testid="FormattedMessage"
              id="malfunctions.title"
            >
              <div>
                malfunctions.title
              </div>
            </div>
          </li>
        </h3>
        <div
          class="content"
        >
          <div
            data-testid="FormattedMessage"
            id="malfunctions.description"
          >
            <div>
              malfunctions.description
            </div>
          </div>
        </div>
        <h3>
          <li>
            <div
              data-testid="FormattedMessage"
              id="smartPlayer.title"
            >
              <div>
                smartPlayer.title
              </div>
            </div>
          </li>
        </h3>
        <div
          class="content"
        >
          <div
            data-testid="FormattedMessage"
            id="smartPlayer.description"
          >
            <div>
              smartPlayer.description
            </div>
          </div>
        </div>
        <h3>
          <li>
            <div
              data-testid="FormattedMessage"
              id="complaintsRng.title"
            >
              <div>
                complaintsRng.title
              </div>
            </div>
          </li>
        </h3>
        <div
          class="content"
        >
          <div
            data-testid="FormattedMessage"
            id="complaintsRng.description1"
          >
            <div>
              complaintsRng.description1
            </div>
          </div>
          <a
            data-testid="Link"
            href="mailto:support@sbobet.com"
          >
            <div
              data-testid="FormattedMessage"
              id="complaintsRng.description2"
            >
              <div>
                complaintsRng.description2
              </div>
            </div>
          </a>
          <div
            data-testid="FormattedMessage"
            id="complaintsRng.description3"
          >
            <div>
              complaintsRng.description3
            </div>
          </div>
        </div>
        <h3>
          <li>
            <div
              data-testid="FormattedMessage"
              id="complaintsLg.title"
            >
              <div>
                complaintsLg.title
              </div>
            </div>
          </li>
        </h3>
        <div
          class="content"
        >
          <div
            data-testid="FormattedMessage"
            id="complaintsLg.description1"
          >
            <div>
              complaintsLg.description1
            </div>
          </div>
          <br />
          <br />
          <div
            data-testid="FormattedMessage"
            id="complaintsLg.description2"
          >
            <div>
              complaintsLg.description2
            </div>
          </div>
        </div>
        <h3>
          <li>
            <div
              data-testid="FormattedMessage"
              id="maxWin.title"
            >
              <div>
                maxWin.title
              </div>
            </div>
          </li>
        </h3>
        <div
          class="content"
        >
          <div
            data-testid="FormattedMessage"
            id="maxWin.description"
          >
            <div>
              maxWin.description
            </div>
          </div>
        </div>
        <h3>
          <li>
            <div
              data-testid="FormattedMessage"
              id="liveCasinoGames.title"
            >
              <div>
                liveCasinoGames.title
              </div>
            </div>
          </li>
        </h3>
        <div
          class="content"
        >
          <div
            data-testid="FormattedMessage"
            id="liveCasinoGames.description1"
          >
            <div>
              liveCasinoGames.description1
            </div>
          </div>
          <br />
          <br />
          <div
            data-testid="FormattedMessage"
            id="liveCasinoGames.description2"
          >
            <div>
              liveCasinoGames.description2
            </div>
          </div>
          <br />
          <br />
          <ol>
            <li>
              <a
                class="liveCasinoLink"
                data-testid="Link"
                href="http://info.sbobet.com/article/AA-00363/41/#BACCARAT"
                target="_blank"
              >
                <div
                  data-testid="FormattedMessage"
                  id="casinoGames.live_dealer_baccarat"
                >
                  <div>
                    casinoGames.live_dealer_baccarat
                  </div>
                </div>
              </a>
            </li>
            <li>
              <a
                class="liveCasinoLink"
                data-testid="Link"
                href="http://info.sbobet.com/article/AA-00363/41/#ROULETTE"
                target="_blank"
              >
                <div
                  data-testid="FormattedMessage"
                  id="casinoGames.live_dealer_roulette"
                >
                  <div>
                    casinoGames.live_dealer_roulette
                  </div>
                </div>
              </a>
            </li>
            <li>
              <a
                class="liveCasinoLink"
                data-testid="Link"
                href="http://info.sbobet.com/article/AA-00363/41/#SICBO"
                target="_blank"
              >
                <div
                  data-testid="FormattedMessage"
                  id="casinoGames.live_dealer_sicbo"
                >
                  <div>
                    casinoGames.live_dealer_sicbo
                  </div>
                </div>
              </a>
            </li>
            <li>
              <a
                class="liveCasinoLink"
                data-testid="Link"
                href="http://info.sbobet.com/article/AA-00363/41/#BLACKJACK"
                target="_blank"
              >
                <div
                  data-testid="FormattedMessage"
                  id="casinoGames.live_dealer_blackjack"
                >
                  <div>
                    casinoGames.live_dealer_blackjack
                  </div>
                </div>
              </a>
            </li>
            <li
              class="gameRulesProduct"
            >
              <div
                data-testid="FormattedMessage"
                defaultmessage="GAMES"
                id="casinoGames.games"
              >
                <div>
                  casinoGames.games
                </div>
              </div>
              <ol>
                <li
                  class="gameRulesGameType"
                >
                  <a
                    data-testid="NavLink"
                    to="/gamerules/games/table-games"
                  >
                    <div
                      data-testid="FormattedMessage"
                      defaultmessage="Table Games"
                      id="casinoGames.tableGames"
                    >
                      <div>
                        casinoGames.tableGames
                      </div>
                    </div>
                  </a>
                </li>
                <li
                  class="gameRulesGameType"
                >
                  <a
                    data-testid="NavLink"
                    to="/gamerules/games/card-games"
                  >
                    <div
                      data-testid="FormattedMessage"
                      defaultmessage="Card Games"
                      id="casinoGames.cardGames"
                    >
                      <div>
                        casinoGames.cardGames
                      </div>
                    </div>
                  </a>
                </li>
              </ol>
            </li>
            <li
              class="gameRulesProduct"
            >
              <div
                data-testid="FormattedMessage"
                defaultmessage="MULTIPLAYER"
                id="casinoGames.multiplayer"
              >
                <div>
                  casinoGames.multiplayer
                </div>
              </div>
              <ol>
                <li
                  class="gameRulesGameType"
                >
                  <a
                    data-testid="NavLink"
                    to="/gamerules/multiplayer/card-games"
                  >
                    <div
                      data-testid="FormattedMessage"
                      defaultmessage="Card Games"
                      id="casinoGames.cardGames"
                    >
                      <div>
                        casinoGames.cardGames
                      </div>
                    </div>
                  </a>
                </li>
              </ol>
            </li>
          </ol>
        </div>
      </ol>
    </div>
  </div>
</DocumentFragment>
`;
