// Jest Snapshot v1, https://goo.gl/fbAQLP

exports[`<PlayerCreditList /> should match snapshot 1`] = `
<DocumentFragment>
  <div
    category="reports"
    data-testid="LangDataProvider"
  >
    <div>
      reports
    </div>
    <div
      data-testid="default"
      sidebargroup="report"
    >
      <div
        class="tableSection"
      >
        <div
          data-testid="MobileTableRefresh"
          isdisabled="false"
        />
        <div>
          <div
            data-testid="TableIndicator"
            id="testTableInit"
            isempty="false"
            iserror="false"
            isloading="false"
            pagination="{\\"count\\":6,\\"page\\":0,\\"rowsPerPage\\":20}"
          >
            <span>
              Pagination count: 6
            </span>
            <span>
              Pagination page: 0
            </span>
            <span>
              Pagination rowsPerPage: 20
            </span>
            <span>
              Done loading TableIndicator
            </span>
            <div
              data-testid="TableContainer"
            >
              <div
                aria-label="a dense table"
                classes="{\\"root\\":\\"table\\"}"
                data-testid="Table"
              >
                <div
                  data-testid="TableHead"
                >
                  <div
                    classes="{\\"root\\":\\"row\\"}"
                    data-testid="TableRow"
                  >
                    <div
                      align="center"
                      class="colHeaderRowNum"
                      data-testid="TableCell"
                    >
                      #
                    </div>
                    <div
                      align="center"
                      class="colHeaderDateTime"
                      data-testid="TableCell"
                    >
                      <div
                        data-testid="FormattedMessage"
                        id="date"
                      >
                        <div>
                          date
                        </div>
                      </div>
                       & 
                      <div
                        data-testid="FormattedMessage"
                        id="time"
                      >
                        <div>
                          time
                        </div>
                      </div>
                    </div>
                    <div
                      align="center"
                      class="colHeaderDescription"
                      data-testid="TableCell"
                    >
                      <div
                        data-testid="FormattedMessage"
                        id="details"
                      >
                        <div>
                          details
                        </div>
                      </div>
                    </div>
                    <div
                      align="center"
                      class="colCreditLimit"
                      data-testid="TableCell"
                    >
                      <div
                        data-testid="FormattedMessage"
                        id="creditLimit"
                      >
                        <div>
                          creditLimit
                        </div>
                      </div>
                    </div>
                    <div
                      align="right"
                      class="colHeaderPlayerTotalBalance"
                      data-testid="TableCell"
                    >
                      <div
                        data-testid="FormattedMessage"
                        id="playerTotalBalance"
                      >
                        <div>
                          playerTotalBalance
                        </div>
                      </div>
                    </div>
                    <div
                      align="right"
                      class="colHeaderPlayableBalance"
                      data-testid="TableCell"
                    >
                      <div
                        data-testid="FormattedMessage"
                        id="playableBalance"
                      >
                        <div>
                          playableBalance
                        </div>
                      </div>
                    </div>
                  </div>
                </div>
                <div
                  data-testid="TableBody"
                >
                  <div
                    class="testTableRow"
                    classes="{\\"root\\":\\"row\\"}"
                    data-testid="TableRow"
                  >
                    <div
                      align="center"
                      class="testTableCell"
                      data-testid="TableCell"
                      scope="row"
                    >
                      1
                    </div>
                    <div
                      align="center"
                      class="testTableCell"
                      data-testid="TableCell"
                    >
                      <div
                        data-testid="DateTime"
                      />
                    </div>
                    <div
                      align="center"
                      class="testTableCell"
                      data-testid="TableCell"
                    >
                      <div
                        agentusername="testParent"
                        class="testDescription"
                        data-testid="Description"
                      />
                    </div>
                    <div
                      align="right"
                      class="testTableCell"
                      data-testid="TableCell"
                    >
                      <div
                        class="testCreditLimit"
                        data-testid="CreditLimit"
                      >
                        1000.0000001
                      </div>
                    </div>
                    <div
                      align="right"
                      class="testTableCell"
                      data-testid="TableCell"
                    >
                      <div
                        class="testPlayerTotalBalance"
                        data-testid="PlayerTotalBalance"
                      >
                        1000.0000001
                      </div>
                    </div>
                    <div
                      align="right"
                      class="testTableCell"
                      data-testid="TableCell"
                    >
                      <div
                        class="testPlayableBalance"
                        data-testid="PlayableBalance"
                      >
                        1000.0000001
                      </div>
                    </div>
                  </div>
                  <div
                    class="testTableRow"
                    classes="{\\"root\\":\\"row\\"}"
                    data-testid="TableRow"
                  >
                    <div
                      align="center"
                      class="testTableCell"
                      data-testid="TableCell"
                      scope="row"
                    >
                      2
                    </div>
                    <div
                      align="center"
                      class="testTableCell"
                      data-testid="TableCell"
                    >
                      <div
                        data-testid="DateTime"
                      />
                    </div>
                    <div
                      align="center"
                      class="testTableCell"
                      data-testid="TableCell"
                    >
                      <div
                        agentusername="testParent"
                        class="testDescription"
                        data-testid="Description"
                      />
                    </div>
                    <div
                      align="right"
                      class="testTableCell"
                      data-testid="TableCell"
                    >
                      <div
                        class="testCreditLimit"
                        data-testid="CreditLimit"
                      >
                        1000.0000001
                      </div>
                    </div>
                    <div
                      align="right"
                      class="testTableCell"
                      data-testid="TableCell"
                    >
                      <div
                        class="testPlayerTotalBalance"
                        data-testid="PlayerTotalBalance"
                      >
                        1000.0000001
                      </div>
                    </div>
                    <div
                      align="right"
                      class="testTableCell"
                      data-testid="TableCell"
                    >
                      <div
                        class="testPlayableBalance"
                        data-testid="PlayableBalance"
                      >
                        1000.0000001
                      </div>
                    </div>
                  </div>
                  <div
                    class="testTableRow"
                    classes="{\\"root\\":\\"row\\"}"
                    data-testid="TableRow"
                  >
                    <div
                      align="center"
                      class="testTableCell"
                      data-testid="TableCell"
                      scope="row"
                    >
                      3
                    </div>
                    <div
                      align="center"
                      class="testTableCell"
                      data-testid="TableCell"
                    >
                      <div
                        data-testid="DateTime"
                      />
                    </div>
                    <div
                      align="center"
                      class="testTableCell"
                      data-testid="TableCell"
                    >
                      <div
                        agentusername="testParent"
                        class="testDescription"
                        data-testid="Description"
                      />
                    </div>
                    <div
                      align="right"
                      class="testTableCell"
                      data-testid="TableCell"
                    >
                      <div
                        class="testCreditLimit"
                        data-testid="CreditLimit"
                      >
                        1000.0000001
                      </div>
                    </div>
                    <div
                      align="right"
                      class="testTableCell"
                      data-testid="TableCell"
                    >
                      <div
                        class="testPlayerTotalBalance"
                        data-testid="PlayerTotalBalance"
                      >
                        1000.0000001
                      </div>
                    </div>
                    <div
                      align="right"
                      class="testTableCell"
                      data-testid="TableCell"
                    >
                      <div
                        class="testPlayableBalance"
                        data-testid="PlayableBalance"
                      >
                        1000.0000001
                      </div>
                    </div>
                  </div>
                  <div
                    class="testTableRow"
                    classes="{\\"root\\":\\"row\\"}"
                    data-testid="TableRow"
                  >
                    <div
                      align="center"
                      class="testTableCell"
                      data-testid="TableCell"
                      scope="row"
                    >
                      4
                    </div>
                    <div
                      align="center"
                      class="testTableCell"
                      data-testid="TableCell"
                    >
                      <div
                        data-testid="DateTime"
                      />
                    </div>
                    <div
                      align="center"
                      class="testTableCell"
                      data-testid="TableCell"
                    >
                      <div
                        agentusername="testParent"
                        class="testDescription"
                        data-testid="Description"
                      />
                    </div>
                    <div
                      align="right"
                      class="testTableCell"
                      data-testid="TableCell"
                    >
                      <div
                        class="testCreditLimit"
                        data-testid="CreditLimit"
                      >
                        1000.0000001
                      </div>
                    </div>
                    <div
                      align="right"
                      class="testTableCell"
                      data-testid="TableCell"
                    >
                      <div
                        class="testPlayerTotalBalance"
                        data-testid="PlayerTotalBalance"
                      >
                        1000.0000001
                      </div>
                    </div>
                    <div
                      align="right"
                      class="testTableCell"
                      data-testid="TableCell"
                    >
                      <div
                        class="testPlayableBalance"
                        data-testid="PlayableBalance"
                      >
                        1000.0000001
                      </div>
                    </div>
                  </div>
                  <div
                    class="testTableRow"
                    classes="{\\"root\\":\\"row\\"}"
                    data-testid="TableRow"
                  >
                    <div
                      align="center"
                      class="testTableCell"
                      data-testid="TableCell"
                      scope="row"
                    >
                      5
                    </div>
                    <div
                      align="center"
                      class="testTableCell"
                      data-testid="TableCell"
                    >
                      <div
                        data-testid="DateTime"
                      />
                    </div>
                    <div
                      align="center"
                      class="testTableCell"
                      data-testid="TableCell"
                    >
                      <div
                        agentusername="testParent"
                        class="testDescription"
                        data-testid="Description"
                      />
                    </div>
                    <div
                      align="right"
                      class="testTableCell"
                      data-testid="TableCell"
                    >
                      <div
                        class="testCreditLimit"
                        data-testid="CreditLimit"
                      >
                        1000.0000001
                      </div>
                    </div>
                    <div
                      align="right"
                      class="testTableCell"
                      data-testid="TableCell"
                    >
                      <div
                        class="testPlayerTotalBalance"
                        data-testid="PlayerTotalBalance"
                      >
                        1000.0000001
                      </div>
                    </div>
                    <div
                      align="right"
                      class="testTableCell"
                      data-testid="TableCell"
                    >
                      <div
                        class="testPlayableBalance"
                        data-testid="PlayableBalance"
                      >
                        1000.0000001
                      </div>
                    </div>
                  </div>
                  <div
                    class="testTableRow"
                    classes="{\\"root\\":\\"row\\"}"
                    data-testid="TableRow"
                  >
                    <div
                      align="center"
                      class="testTableCell"
                      data-testid="TableCell"
                      scope="row"
                    >
                      6
                    </div>
                    <div
                      align="center"
                      class="testTableCell"
                      data-testid="TableCell"
                    >
                      <div
                        data-testid="DateTime"
                      />
                    </div>
                    <div
                      align="center"
                      class="testTableCell"
                      data-testid="TableCell"
                    >
                      <div
                        agentusername="testParent"
                        class="testDescription"
                        data-testid="Description"
                      />
                    </div>
                    <div
                      align="right"
                      class="testTableCell"
                      data-testid="TableCell"
                    >
                      <div
                        class="testCreditLimit"
                        data-testid="CreditLimit"
                      >
                        1000.0000001
                      </div>
                    </div>
                    <div
                      align="right"
                      class="testTableCell"
                      data-testid="TableCell"
                    >
                      <div
                        class="testPlayerTotalBalance"
                        data-testid="PlayerTotalBalance"
                      >
                        1000.0000001
                      </div>
                    </div>
                    <div
                      align="right"
                      class="testTableCell"
                      data-testid="TableCell"
                    >
                      <div
                        class="testPlayableBalance"
                        data-testid="PlayableBalance"
                      >
                        1000.0000001
                      </div>
                    </div>
                  </div>
                </div>
              </div>
            </div>
          </div>
        </div>
      </div>
    </div>
  </div>
</DocumentFragment>
`;

exports[`<PlayerCreditList /> should match snapshot 2`] = `
<DocumentFragment>
  <div
    category="reports"
    data-testid="LangDataProvider"
  >
    <div>
      reports
    </div>
    <div
      data-testid="default"
      sidebargroup="report"
    >
      <div
        class="tableSection"
      >
        <div
          data-testid="MobileTableRefresh"
          isdisabled="false"
        />
        <div>
          <div
            data-testid="TableIndicator"
            id="testTableInit"
            isempty="false"
            iserror="false"
            isloading="false"
            pagination="{\\"count\\":6,\\"page\\":0,\\"rowsPerPage\\":20}"
          >
            <span>
              Pagination count: 6
            </span>
            <span>
              Pagination page: 0
            </span>
            <span>
              Pagination rowsPerPage: 20
            </span>
            <span>
              Done loading TableIndicator
            </span>
            <div
              data-testid="TableContainer"
            >
              <div
                aria-label="a dense table"
                classes="{\\"root\\":\\"table\\"}"
                data-testid="Table"
              >
                <div
                  data-testid="TableHead"
                >
                  <div
                    classes="{\\"root\\":\\"row\\"}"
                    data-testid="TableRow"
                  >
                    <div
                      align="center"
                      class="colHeaderRowNum"
                      data-testid="TableCell"
                    >
                      #
                    </div>
                    <div
                      align="center"
                      class="colHeaderDateTime"
                      data-testid="TableCell"
                    >
                      <div
                        data-testid="FormattedMessage"
                        id="date"
                      >
                        <div>
                          date
                        </div>
                      </div>
                       & 
                      <div
                        data-testid="FormattedMessage"
                        id="time"
                      >
                        <div>
                          time
                        </div>
                      </div>
                    </div>
                    <div
                      align="center"
                      class="colHeaderDescription"
                      data-testid="TableCell"
                    >
                      <div
                        data-testid="FormattedMessage"
                        id="details"
                      >
                        <div>
                          details
                        </div>
                      </div>
                    </div>
                    <div
                      align="center"
                      class="colCreditLimit"
                      data-testid="TableCell"
                    >
                      <div
                        data-testid="FormattedMessage"
                        id="creditLimit"
                      >
                        <div>
                          creditLimit
                        </div>
                      </div>
                    </div>
                    <div
                      align="right"
                      class="colHeaderPlayerTotalBalance"
                      data-testid="TableCell"
                    >
                      <div
                        data-testid="FormattedMessage"
                        id="playerTotalBalance"
                      >
                        <div>
                          playerTotalBalance
                        </div>
                      </div>
                    </div>
                    <div
                      align="right"
                      class="colHeaderPlayableBalance"
                      data-testid="TableCell"
                    >
                      <div
                        data-testid="FormattedMessage"
                        id="playableBalance"
                      >
                        <div>
                          playableBalance
                        </div>
                      </div>
                    </div>
                  </div>
                </div>
                <div
                  data-testid="TableBody"
                >
                  <div
                    class="testTableRow"
                    classes="{\\"root\\":\\"row\\"}"
                    data-testid="TableRow"
                  >
                    <div
                      align="center"
                      class="testTableCell"
                      data-testid="TableCell"
                      scope="row"
                    >
                      1
                    </div>
                    <div
                      align="center"
                      class="testTableCell"
                      data-testid="TableCell"
                    >
                      <div
                        data-testid="DateTime"
                      />
                    </div>
                    <div
                      align="center"
                      class="testTableCell"
                      data-testid="TableCell"
                    >
                      <div
                        agentusername="testParent"
                        class="testDescription"
                        data-testid="Description"
                      />
                    </div>
                    <div
                      align="right"
                      class="testTableCell"
                      data-testid="TableCell"
                    >
                      <div
                        class="testCreditLimit"
                        data-testid="CreditLimit"
                      >
                        1000.0000001
                      </div>
                    </div>
                    <div
                      align="right"
                      class="testTableCell"
                      data-testid="TableCell"
                    >
                      <div
                        class="testPlayerTotalBalance"
                        data-testid="PlayerTotalBalance"
                      >
                        1000.0000001
                      </div>
                    </div>
                    <div
                      align="right"
                      class="testTableCell"
                      data-testid="TableCell"
                    >
                      <div
                        class="testPlayableBalance"
                        data-testid="PlayableBalance"
                      >
                        1000.0000001
                      </div>
                    </div>
                  </div>
                  <div
                    class="testTableRow"
                    classes="{\\"root\\":\\"row\\"}"
                    data-testid="TableRow"
                  >
                    <div
                      align="center"
                      class="testTableCell"
                      data-testid="TableCell"
                      scope="row"
                    >
                      2
                    </div>
                    <div
                      align="center"
                      class="testTableCell"
                      data-testid="TableCell"
                    >
                      <div
                        data-testid="DateTime"
                      />
                    </div>
                    <div
                      align="center"
                      class="testTableCell"
                      data-testid="TableCell"
                    >
                      <div
                        agentusername="testParent"
                        class="testDescription"
                        data-testid="Description"
                      />
                    </div>
                    <div
                      align="right"
                      class="testTableCell"
                      data-testid="TableCell"
                    >
                      <div
                        class="testCreditLimit"
                        data-testid="CreditLimit"
                      >
                        1000.0000001
                      </div>
                    </div>
                    <div
                      align="right"
                      class="testTableCell"
                      data-testid="TableCell"
                    >
                      <div
                        class="testPlayerTotalBalance"
                        data-testid="PlayerTotalBalance"
                      >
                        1000.0000001
                      </div>
                    </div>
                    <div
                      align="right"
                      class="testTableCell"
                      data-testid="TableCell"
                    >
                      <div
                        class="testPlayableBalance"
                        data-testid="PlayableBalance"
                      >
                        1000.0000001
                      </div>
                    </div>
                  </div>
                  <div
                    class="testTableRow"
                    classes="{\\"root\\":\\"row\\"}"
                    data-testid="TableRow"
                  >
                    <div
                      align="center"
                      class="testTableCell"
                      data-testid="TableCell"
                      scope="row"
                    >
                      3
                    </div>
                    <div
                      align="center"
                      class="testTableCell"
                      data-testid="TableCell"
                    >
                      <div
                        data-testid="DateTime"
                      />
                    </div>
                    <div
                      align="center"
                      class="testTableCell"
                      data-testid="TableCell"
                    >
                      <div
                        agentusername="testParent"
                        class="testDescription"
                        data-testid="Description"
                      />
                    </div>
                    <div
                      align="right"
                      class="testTableCell"
                      data-testid="TableCell"
                    >
                      <div
                        class="testCreditLimit"
                        data-testid="CreditLimit"
                      >
                        1000.0000001
                      </div>
                    </div>
                    <div
                      align="right"
                      class="testTableCell"
                      data-testid="TableCell"
                    >
                      <div
                        class="testPlayerTotalBalance"
                        data-testid="PlayerTotalBalance"
                      >
                        1000.0000001
                      </div>
                    </div>
                    <div
                      align="right"
                      class="testTableCell"
                      data-testid="TableCell"
                    >
                      <div
                        class="testPlayableBalance"
                        data-testid="PlayableBalance"
                      >
                        1000.0000001
                      </div>
                    </div>
                  </div>
                  <div
                    class="testTableRow"
                    classes="{\\"root\\":\\"row\\"}"
                    data-testid="TableRow"
                  >
                    <div
                      align="center"
                      class="testTableCell"
                      data-testid="TableCell"
                      scope="row"
                    >
                      4
                    </div>
                    <div
                      align="center"
                      class="testTableCell"
                      data-testid="TableCell"
                    >
                      <div
                        data-testid="DateTime"
                      />
                    </div>
                    <div
                      align="center"
                      class="testTableCell"
                      data-testid="TableCell"
                    >
                      <div
                        agentusername="testParent"
                        class="testDescription"
                        data-testid="Description"
                      />
                    </div>
                    <div
                      align="right"
                      class="testTableCell"
                      data-testid="TableCell"
                    >
                      <div
                        class="testCreditLimit"
                        data-testid="CreditLimit"
                      >
                        1000.0000001
                      </div>
                    </div>
                    <div
                      align="right"
                      class="testTableCell"
                      data-testid="TableCell"
                    >
                      <div
                        class="testPlayerTotalBalance"
                        data-testid="PlayerTotalBalance"
                      >
                        1000.0000001
                      </div>
                    </div>
                    <div
                      align="right"
                      class="testTableCell"
                      data-testid="TableCell"
                    >
                      <div
                        class="testPlayableBalance"
                        data-testid="PlayableBalance"
                      >
                        1000.0000001
                      </div>
                    </div>
                  </div>
                  <div
                    class="testTableRow"
                    classes="{\\"root\\":\\"row\\"}"
                    data-testid="TableRow"
                  >
                    <div
                      align="center"
                      class="testTableCell"
                      data-testid="TableCell"
                      scope="row"
                    >
                      5
                    </div>
                    <div
                      align="center"
                      class="testTableCell"
                      data-testid="TableCell"
                    >
                      <div
                        data-testid="DateTime"
                      />
                    </div>
                    <div
                      align="center"
                      class="testTableCell"
                      data-testid="TableCell"
                    >
                      <div
                        agentusername="testParent"
                        class="testDescription"
                        data-testid="Description"
                      />
                    </div>
                    <div
                      align="right"
                      class="testTableCell"
                      data-testid="TableCell"
                    >
                      <div
                        class="testCreditLimit"
                        data-testid="CreditLimit"
                      >
                        1000.0000001
                      </div>
                    </div>
                    <div
                      align="right"
                      class="testTableCell"
                      data-testid="TableCell"
                    >
                      <div
                        class="testPlayerTotalBalance"
                        data-testid="PlayerTotalBalance"
                      >
                        1000.0000001
                      </div>
                    </div>
                    <div
                      align="right"
                      class="testTableCell"
                      data-testid="TableCell"
                    >
                      <div
                        class="testPlayableBalance"
                        data-testid="PlayableBalance"
                      >
                        1000.0000001
                      </div>
                    </div>
                  </div>
                  <div
                    class="testTableRow"
                    classes="{\\"root\\":\\"row\\"}"
                    data-testid="TableRow"
                  >
                    <div
                      align="center"
                      class="testTableCell"
                      data-testid="TableCell"
                      scope="row"
                    >
                      6
                    </div>
                    <div
                      align="center"
                      class="testTableCell"
                      data-testid="TableCell"
                    >
                      <div
                        data-testid="DateTime"
                      />
                    </div>
                    <div
                      align="center"
                      class="testTableCell"
                      data-testid="TableCell"
                    >
                      <div
                        agentusername="testParent"
                        class="testDescription"
                        data-testid="Description"
                      />
                    </div>
                    <div
                      align="right"
                      class="testTableCell"
                      data-testid="TableCell"
                    >
                      <div
                        class="testCreditLimit"
                        data-testid="CreditLimit"
                      >
                        1000.0000001
                      </div>
                    </div>
                    <div
                      align="right"
                      class="testTableCell"
                      data-testid="TableCell"
                    >
                      <div
                        class="testPlayerTotalBalance"
                        data-testid="PlayerTotalBalance"
                      >
                        1000.0000001
                      </div>
                    </div>
                    <div
                      align="right"
                      class="testTableCell"
                      data-testid="TableCell"
                    >
                      <div
                        class="testPlayableBalance"
                        data-testid="PlayableBalance"
                      >
                        1000.0000001
                      </div>
                    </div>
                  </div>
                </div>
              </div>
            </div>
          </div>
        </div>
      </div>
    </div>
  </div>
</DocumentFragment>
`;
