// Jest Snapshot v1, https://goo.gl/fbAQLP

exports[`<PlayerBetList /> should match snapshot 1`] = `
<DocumentFragment>
  <div
    category="reports"
    data-testid="LangDataProvider"
  >
    <div>
      reports
    </div>
    <div
      data-testid="default"
      sidebargroup="report"
    >
      <div
        class="tableSection"
      >
        <div
          data-testid="MobileTableRefresh"
          isdisabled="false"
        />
        <div>
          <div
            data-testid="TableIndicator"
            id="testTableInit"
            isempty="false"
            iserror="false"
            isloading="false"
            pagination="{\\"count\\":3,\\"page\\":0,\\"rowsPerPage\\":20}"
          >
            <span>
              Pagination count: 3
            </span>
            <span>
              Pagination page: 0
            </span>
            <span>
              Pagination rowsPerPage: 20
            </span>
            <span>
              Done loading TableIndicator
            </span>
            <div
              data-testid="TableContainer"
            >
              <div
                aria-label="a dense table"
                classes="{\\"root\\":\\"table\\"}"
                data-testid="Table"
              >
                <div
                  data-testid="TableHead"
                >
                  <div
                    classes="{\\"root\\":\\"row\\"}"
                    data-testid="TableRow"
                  >
                    <div
                      align="center"
                      class="colHeaderRowNum"
                      data-testid="TableCell"
                    >
                      #
                    </div>
                    <div
                      align="center"
                      class="colHeaderDateTime"
                      data-testid="TableCell"
                    >
                      <div
                        data-testid="FormattedMessage"
                        id="date"
                      >
                        <div>
                          date
                        </div>
                      </div>
                       & 
                      <div
                        data-testid="FormattedMessage"
                        id="time"
                      >
                        <div>
                          time
                        </div>
                      </div>
                    </div>
                    <div
                      align="center"
                      class="colHeaderGameDetails"
                      data-testid="TableCell"
                    >
                      <div
                        data-testid="FormattedMessage"
                        id="gameDetails"
                      >
                        <div>
                          gameDetails
                        </div>
                      </div>
                    </div>
                    <div
                      align="center"
                      class="colHeaderGameResult"
                      data-testid="TableCell"
                    >
                      <div
                        data-testid="FormattedMessage"
                        id="gameResult"
                      >
                        <div>
                          gameResult
                        </div>
                      </div>
                    </div>
                    <div
                      align="center"
                      class="colHeaderStakeTurnover"
                      data-testid="TableCell"
                    >
                      <div
                        data-testid="FormattedMessage"
                        id="stakeTurnover"
                      >
                        <div>
                          stakeTurnover
                        </div>
                      </div>
                    </div>
                    <div
                      align="center"
                      class="colHeaderGrossRake"
                      data-testid="TableCell"
                    >
                      <div
                        data-testid="FormattedMessage"
                        id="grossRake"
                      >
                        <div>
                          grossRake
                        </div>
                      </div>
                    </div>
                    <div
                      align="center"
                      class="colHeaderMemWLCommission"
                      data-testid="TableCell"
                    >
                      <div
                        data-testid="FormattedMessage"
                        id="memWLCommission"
                      >
                        <div>
                          memWLCommission
                        </div>
                      </div>
                    </div>
                  </div>
                </div>
                <div
                  data-testid="TableBody"
                >
                  <div
                    class="testTableRow"
                    classes="{\\"root\\":\\"row\\"}"
                    data-testid="TableRow"
                  >
                    <div
                      align="center"
                      class="testTableCell"
                      data-testid="TableCell"
                      scope="row"
                    >
                      1
                    </div>
                    <div
                      align="center"
                      class="testTableCell"
                      data-testid="TableCell"
                    >
                      <div
                        data-testid="DateTime"
                      />
                    </div>
                    <div
                      align="center"
                      class="testTableCell"
                      data-testid="TableCell"
                    >
                      <div
                        class="testGameDetails"
                        data-testid="GameDetails"
                        row="{\\"rowNo\\":1,\\"betLinkFormat\\":\\"hasBetLink0\\",\\"commission\\":\\"0.0000000\\",\\"dateTime\\":\\"2021-09-08 11:19:51.0000000\\",\\"event\\":\\"W0\\",\\"gameID\\":\\"000140\\",\\"gameName\\":\\"Djap Go0\\",\\"grossRake\\":\\"0.0000000\\",\\"memWLCommisionFormatter\\":\\"withMemWLCommission0\\",\\"netwin\\":\\"10000.0000000\\",\\"reasonFormat\\":\\"noReason0\\",\\"roundDetID\\":2,\\"roundIDFormat\\":\\"roundDetID0\\",\\"stake\\":\\"4.0000000\\",\\"tableNameFormat\\":\\"gameName0\\",\\"transactionDetID\\":\\"zW90\\",\\"turnover\\":\\"4.0000000\\"}"
                      >
                        <span>
                          {"rowNo":1,"betLinkFormat":"hasBetLink0","commission":"0.0000000","dateTime":"2021-09-08 11:19:51.0000000","event":"W0","gameID":"000140","gameName":"Djap Go0","grossRake":"0.0000000","memWLCommisionFormatter":"withMemWLCommission0","netwin":"10000.0000000","reasonFormat":"noReason0","roundDetID":2,"roundIDFormat":"roundDetID0","stake":"4.0000000","tableNameFormat":"gameName0","transactionDetID":"zW90","turnover":"4.0000000"}
                        </span>
                      </div>
                    </div>
                    <div
                      align="center"
                      class="testTableCell"
                      data-testid="TableCell"
                    >
                      <div
                        class="testGameResult"
                        data-testid="GameResult"
                        row="{\\"rowNo\\":1,\\"betLinkFormat\\":\\"hasBetLink0\\",\\"commission\\":\\"0.0000000\\",\\"dateTime\\":\\"2021-09-08 11:19:51.0000000\\",\\"event\\":\\"W0\\",\\"gameID\\":\\"000140\\",\\"gameName\\":\\"Djap Go0\\",\\"grossRake\\":\\"0.0000000\\",\\"memWLCommisionFormatter\\":\\"withMemWLCommission0\\",\\"netwin\\":\\"10000.0000000\\",\\"reasonFormat\\":\\"noReason0\\",\\"roundDetID\\":2,\\"roundIDFormat\\":\\"roundDetID0\\",\\"stake\\":\\"4.0000000\\",\\"tableNameFormat\\":\\"gameName0\\",\\"transactionDetID\\":\\"zW90\\",\\"turnover\\":\\"4.0000000\\"}"
                      />
                    </div>
                    <div
                      align="right"
                      class="testTableCell"
                      data-testid="TableCell"
                    >
                      <div
                        class="testStakeTurnover"
                        data-testid="StakeTurnover"
                        row="{\\"rowNo\\":1,\\"betLinkFormat\\":\\"hasBetLink0\\",\\"commission\\":\\"0.0000000\\",\\"dateTime\\":\\"2021-09-08 11:19:51.0000000\\",\\"event\\":\\"W0\\",\\"gameID\\":\\"000140\\",\\"gameName\\":\\"Djap Go0\\",\\"grossRake\\":\\"0.0000000\\",\\"memWLCommisionFormatter\\":\\"withMemWLCommission0\\",\\"netwin\\":\\"10000.0000000\\",\\"reasonFormat\\":\\"noReason0\\",\\"roundDetID\\":2,\\"roundIDFormat\\":\\"roundDetID0\\",\\"stake\\":\\"4.0000000\\",\\"tableNameFormat\\":\\"gameName0\\",\\"transactionDetID\\":\\"zW90\\",\\"turnover\\":\\"4.0000000\\"}"
                      >
                        <div>
                          4.0000000
                        </div>
                        <div>
                          4.0000000
                        </div>
                      </div>
                    </div>
                    <div
                      align="right"
                      class="testTableCell"
                      data-testid="TableCell"
                    >
                      <div
                        class="testGrossRake"
                        data-testid="GrossRake"
                      >
                        <div>
                          {"rowNo":1,"betLinkFormat":"hasBetLink0","commission":"0.0000000","dateTime":"2021-09-08 11:19:51.0000000","event":"W0","gameID":"000140","gameName":"Djap Go0","grossRake":"0.0000000","memWLCommisionFormatter":"withMemWLCommission0","netwin":"10000.0000000","reasonFormat":"noReason0","roundDetID":2,"roundIDFormat":"roundDetID0","stake":"4.0000000","tableNameFormat":"gameName0","transactionDetID":"zW90","turnover":"4.0000000"}
                        </div>
                      </div>
                    </div>
                    <div
                      align="right"
                      class="testTableCell"
                      data-testid="TableCell"
                    >
                      <div
                        class="testMembersWLCommision"
                        data-testid="MembersWLCommision"
                        row="{\\"rowNo\\":1,\\"betLinkFormat\\":\\"hasBetLink0\\",\\"commission\\":\\"0.0000000\\",\\"dateTime\\":\\"2021-09-08 11:19:51.0000000\\",\\"event\\":\\"W0\\",\\"gameID\\":\\"000140\\",\\"gameName\\":\\"Djap Go0\\",\\"grossRake\\":\\"0.0000000\\",\\"memWLCommisionFormatter\\":\\"withMemWLCommission0\\",\\"netwin\\":\\"10000.0000000\\",\\"reasonFormat\\":\\"noReason0\\",\\"roundDetID\\":2,\\"roundIDFormat\\":\\"roundDetID0\\",\\"stake\\":\\"4.0000000\\",\\"tableNameFormat\\":\\"gameName0\\",\\"transactionDetID\\":\\"zW90\\",\\"turnover\\":\\"4.0000000\\"}"
                      >
                        <div>
                          10000.0000000
                        </div>
                        <div>
                          0.0000000
                        </div>
                      </div>
                    </div>
                  </div>
                  <div
                    class="testTableRow"
                    classes="{\\"root\\":\\"row\\"}"
                    data-testid="TableRow"
                  >
                    <div
                      align="center"
                      class="testTableCell"
                      data-testid="TableCell"
                      scope="row"
                    >
                      2
                    </div>
                    <div
                      align="center"
                      class="testTableCell"
                      data-testid="TableCell"
                    >
                      <div
                        data-testid="DateTime"
                      />
                    </div>
                    <div
                      align="center"
                      class="testTableCell"
                      data-testid="TableCell"
                    >
                      <div
                        class="testGameDetails"
                        data-testid="GameDetails"
                        row="{\\"rowNo\\":2,\\"betLinkFormat\\":\\"hasBetLink0\\",\\"commission\\":\\"0.0000000\\",\\"dateTime\\":\\"2021-09-08 11:19:51.0000000\\",\\"event\\":\\"L0\\",\\"gameID\\":\\"000140\\",\\"gameName\\":\\"Djap Go0\\",\\"grossRake\\":\\"0.0000000\\",\\"memWLCommisionFormatter\\":\\"withMemWLCommission0\\",\\"netwin\\":\\"10000.0000000\\",\\"reasonFormat\\":\\"noReason0\\",\\"roundDetID\\":2,\\"roundIDFormat\\":\\"roundDetID0\\",\\"stake\\":\\"4.0000000\\",\\"tableNameFormat\\":\\"gameName0\\",\\"transactionDetID\\":\\"zW90\\",\\"turnover\\":\\"4.0000000\\"}"
                      >
                        <span>
                          {"rowNo":2,"betLinkFormat":"hasBetLink0","commission":"0.0000000","dateTime":"2021-09-08 11:19:51.0000000","event":"L0","gameID":"000140","gameName":"Djap Go0","grossRake":"0.0000000","memWLCommisionFormatter":"withMemWLCommission0","netwin":"10000.0000000","reasonFormat":"noReason0","roundDetID":2,"roundIDFormat":"roundDetID0","stake":"4.0000000","tableNameFormat":"gameName0","transactionDetID":"zW90","turnover":"4.0000000"}
                        </span>
                      </div>
                    </div>
                    <div
                      align="center"
                      class="testTableCell"
                      data-testid="TableCell"
                    >
                      <div
                        class="testGameResult"
                        data-testid="GameResult"
                        row="{\\"rowNo\\":2,\\"betLinkFormat\\":\\"hasBetLink0\\",\\"commission\\":\\"0.0000000\\",\\"dateTime\\":\\"2021-09-08 11:19:51.0000000\\",\\"event\\":\\"L0\\",\\"gameID\\":\\"000140\\",\\"gameName\\":\\"Djap Go0\\",\\"grossRake\\":\\"0.0000000\\",\\"memWLCommisionFormatter\\":\\"withMemWLCommission0\\",\\"netwin\\":\\"10000.0000000\\",\\"reasonFormat\\":\\"noReason0\\",\\"roundDetID\\":2,\\"roundIDFormat\\":\\"roundDetID0\\",\\"stake\\":\\"4.0000000\\",\\"tableNameFormat\\":\\"gameName0\\",\\"transactionDetID\\":\\"zW90\\",\\"turnover\\":\\"4.0000000\\"}"
                      />
                    </div>
                    <div
                      align="right"
                      class="testTableCell"
                      data-testid="TableCell"
                    >
                      <div
                        class="testStakeTurnover"
                        data-testid="StakeTurnover"
                        row="{\\"rowNo\\":2,\\"betLinkFormat\\":\\"hasBetLink0\\",\\"commission\\":\\"0.0000000\\",\\"dateTime\\":\\"2021-09-08 11:19:51.0000000\\",\\"event\\":\\"L0\\",\\"gameID\\":\\"000140\\",\\"gameName\\":\\"Djap Go0\\",\\"grossRake\\":\\"0.0000000\\",\\"memWLCommisionFormatter\\":\\"withMemWLCommission0\\",\\"netwin\\":\\"10000.0000000\\",\\"reasonFormat\\":\\"noReason0\\",\\"roundDetID\\":2,\\"roundIDFormat\\":\\"roundDetID0\\",\\"stake\\":\\"4.0000000\\",\\"tableNameFormat\\":\\"gameName0\\",\\"transactionDetID\\":\\"zW90\\",\\"turnover\\":\\"4.0000000\\"}"
                      >
                        <div>
                          4.0000000
                        </div>
                        <div>
                          4.0000000
                        </div>
                      </div>
                    </div>
                    <div
                      align="right"
                      class="testTableCell"
                      data-testid="TableCell"
                    >
                      <div
                        class="testGrossRake"
                        data-testid="GrossRake"
                      >
                        <div>
                          {"rowNo":2,"betLinkFormat":"hasBetLink0","commission":"0.0000000","dateTime":"2021-09-08 11:19:51.0000000","event":"L0","gameID":"000140","gameName":"Djap Go0","grossRake":"0.0000000","memWLCommisionFormatter":"withMemWLCommission0","netwin":"10000.0000000","reasonFormat":"noReason0","roundDetID":2,"roundIDFormat":"roundDetID0","stake":"4.0000000","tableNameFormat":"gameName0","transactionDetID":"zW90","turnover":"4.0000000"}
                        </div>
                      </div>
                    </div>
                    <div
                      align="right"
                      class="testTableCell"
                      data-testid="TableCell"
                    >
                      <div
                        class="testMembersWLCommision"
                        data-testid="MembersWLCommision"
                        row="{\\"rowNo\\":2,\\"betLinkFormat\\":\\"hasBetLink0\\",\\"commission\\":\\"0.0000000\\",\\"dateTime\\":\\"2021-09-08 11:19:51.0000000\\",\\"event\\":\\"L0\\",\\"gameID\\":\\"000140\\",\\"gameName\\":\\"Djap Go0\\",\\"grossRake\\":\\"0.0000000\\",\\"memWLCommisionFormatter\\":\\"withMemWLCommission0\\",\\"netwin\\":\\"10000.0000000\\",\\"reasonFormat\\":\\"noReason0\\",\\"roundDetID\\":2,\\"roundIDFormat\\":\\"roundDetID0\\",\\"stake\\":\\"4.0000000\\",\\"tableNameFormat\\":\\"gameName0\\",\\"transactionDetID\\":\\"zW90\\",\\"turnover\\":\\"4.0000000\\"}"
                      >
                        <div>
                          10000.0000000
                        </div>
                        <div>
                          0.0000000
                        </div>
                      </div>
                    </div>
                  </div>
                  <div
                    class="testTableRow"
                    classes="{\\"root\\":\\"row\\"}"
                    data-testid="TableRow"
                  >
                    <div
                      align="center"
                      class="testTableCell"
                      data-testid="TableCell"
                      scope="row"
                    >
                      3
                    </div>
                    <div
                      align="center"
                      class="testTableCell"
                      data-testid="TableCell"
                    >
                      <div
                        data-testid="DateTime"
                      />
                    </div>
                    <div
                      align="center"
                      class="testTableCell"
                      data-testid="TableCell"
                    >
                      <div
                        class="testGameDetails"
                        data-testid="GameDetails"
                        row="{\\"rowNo\\":3,\\"betLinkFormat\\":\\"hasBetLink0\\",\\"commission\\":\\"0.0000000\\",\\"dateTime\\":\\"2021-09-08 11:19:51.0000000\\",\\"event\\":\\"L0\\",\\"gameID\\":\\"000140\\",\\"gameName\\":\\"Djap Go0\\",\\"grossRake\\":\\"0.0000000\\",\\"memWLCommisionFormatter\\":\\"withMemWLCommission0\\",\\"netwin\\":\\"10000.0000000\\",\\"reasonFormat\\":\\"noReason0\\",\\"roundDetID\\":2,\\"roundIDFormat\\":\\"roundDetID0\\",\\"stake\\":\\"4.0000000\\",\\"tableNameFormat\\":\\"gameName0\\",\\"transactionDetID\\":\\"zW90\\",\\"turnover\\":\\"4.0000000\\"}"
                      >
                        <span>
                          {"rowNo":3,"betLinkFormat":"hasBetLink0","commission":"0.0000000","dateTime":"2021-09-08 11:19:51.0000000","event":"L0","gameID":"000140","gameName":"Djap Go0","grossRake":"0.0000000","memWLCommisionFormatter":"withMemWLCommission0","netwin":"10000.0000000","reasonFormat":"noReason0","roundDetID":2,"roundIDFormat":"roundDetID0","stake":"4.0000000","tableNameFormat":"gameName0","transactionDetID":"zW90","turnover":"4.0000000"}
                        </span>
                      </div>
                    </div>
                    <div
                      align="center"
                      class="testTableCell"
                      data-testid="TableCell"
                    >
                      <div
                        class="testGameResult"
                        data-testid="GameResult"
                        row="{\\"rowNo\\":3,\\"betLinkFormat\\":\\"hasBetLink0\\",\\"commission\\":\\"0.0000000\\",\\"dateTime\\":\\"2021-09-08 11:19:51.0000000\\",\\"event\\":\\"L0\\",\\"gameID\\":\\"000140\\",\\"gameName\\":\\"Djap Go0\\",\\"grossRake\\":\\"0.0000000\\",\\"memWLCommisionFormatter\\":\\"withMemWLCommission0\\",\\"netwin\\":\\"10000.0000000\\",\\"reasonFormat\\":\\"noReason0\\",\\"roundDetID\\":2,\\"roundIDFormat\\":\\"roundDetID0\\",\\"stake\\":\\"4.0000000\\",\\"tableNameFormat\\":\\"gameName0\\",\\"transactionDetID\\":\\"zW90\\",\\"turnover\\":\\"4.0000000\\"}"
                      />
                    </div>
                    <div
                      align="right"
                      class="testTableCell"
                      data-testid="TableCell"
                    >
                      <div
                        class="testStakeTurnover"
                        data-testid="StakeTurnover"
                        row="{\\"rowNo\\":3,\\"betLinkFormat\\":\\"hasBetLink0\\",\\"commission\\":\\"0.0000000\\",\\"dateTime\\":\\"2021-09-08 11:19:51.0000000\\",\\"event\\":\\"L0\\",\\"gameID\\":\\"000140\\",\\"gameName\\":\\"Djap Go0\\",\\"grossRake\\":\\"0.0000000\\",\\"memWLCommisionFormatter\\":\\"withMemWLCommission0\\",\\"netwin\\":\\"10000.0000000\\",\\"reasonFormat\\":\\"noReason0\\",\\"roundDetID\\":2,\\"roundIDFormat\\":\\"roundDetID0\\",\\"stake\\":\\"4.0000000\\",\\"tableNameFormat\\":\\"gameName0\\",\\"transactionDetID\\":\\"zW90\\",\\"turnover\\":\\"4.0000000\\"}"
                      >
                        <div>
                          4.0000000
                        </div>
                        <div>
                          4.0000000
                        </div>
                      </div>
                    </div>
                    <div
                      align="right"
                      class="testTableCell"
                      data-testid="TableCell"
                    >
                      <div
                        class="testGrossRake"
                        data-testid="GrossRake"
                      >
                        <div>
                          {"rowNo":3,"betLinkFormat":"hasBetLink0","commission":"0.0000000","dateTime":"2021-09-08 11:19:51.0000000","event":"L0","gameID":"000140","gameName":"Djap Go0","grossRake":"0.0000000","memWLCommisionFormatter":"withMemWLCommission0","netwin":"10000.0000000","reasonFormat":"noReason0","roundDetID":2,"roundIDFormat":"roundDetID0","stake":"4.0000000","tableNameFormat":"gameName0","transactionDetID":"zW90","turnover":"4.0000000"}
                        </div>
                      </div>
                    </div>
                    <div
                      align="right"
                      class="testTableCell"
                      data-testid="TableCell"
                    >
                      <div
                        class="testMembersWLCommision"
                        data-testid="MembersWLCommision"
                        row="{\\"rowNo\\":3,\\"betLinkFormat\\":\\"hasBetLink0\\",\\"commission\\":\\"0.0000000\\",\\"dateTime\\":\\"2021-09-08 11:19:51.0000000\\",\\"event\\":\\"L0\\",\\"gameID\\":\\"000140\\",\\"gameName\\":\\"Djap Go0\\",\\"grossRake\\":\\"0.0000000\\",\\"memWLCommisionFormatter\\":\\"withMemWLCommission0\\",\\"netwin\\":\\"10000.0000000\\",\\"reasonFormat\\":\\"noReason0\\",\\"roundDetID\\":2,\\"roundIDFormat\\":\\"roundDetID0\\",\\"stake\\":\\"4.0000000\\",\\"tableNameFormat\\":\\"gameName0\\",\\"transactionDetID\\":\\"zW90\\",\\"turnover\\":\\"4.0000000\\"}"
                      >
                        <div>
                          10000.0000000
                        </div>
                        <div>
                          0.0000000
                        </div>
                      </div>
                    </div>
                  </div>
                </div>
              </div>
            </div>
          </div>
        </div>
      </div>
    </div>
  </div>
</DocumentFragment>
`;
