// Jest Snapshot v1, https://goo.gl/fbAQLP

exports[`<PlayerTransferList /> should match snapshot 1`] = `
<DocumentFragment>
  <div
    category="reports"
    data-testid="LangDataProvider"
  >
    <div>
      reports
    </div>
    <div
      data-testid="default"
      sidebargroup="report"
    >
      <div
        class="tableSection"
      >
        <div
          data-testid="MobileTableRefresh"
          isdisabled="false"
        />
        <div>
          <div
            data-testid="TableIndicator"
            id="testTableInit"
            isempty="false"
            iserror="false"
            isloading="false"
            pagination="{\\"count\\":6,\\"page\\":0,\\"rowsPerPage\\":20}"
          >
            <span>
              Pagination count: 6
            </span>
            <span>
              Pagination page: 0
            </span>
            <span>
              Pagination rowsPerPage: 20
            </span>
            <span>
              Done loading TableIndicator
            </span>
            <div
              data-testid="TableContainer"
            >
              <div
                aria-label="a dense table"
                classes="{\\"root\\":\\"table\\"}"
                data-testid="Table"
              >
                <div
                  data-testid="TableHead"
                >
                  <div
                    classes="{\\"root\\":\\"row\\"}"
                    data-testid="TableRow"
                  >
                    <div
                      align="center"
                      class="colHeaderRowNum"
                      data-testid="TableCell"
                    >
                      #
                    </div>
                    <div
                      align="center"
                      class="colHeaderDateTime"
                      data-testid="TableCell"
                    >
                      <div
                        data-testid="FormattedMessage"
                        id="date"
                      >
                        <div>
                          date
                        </div>
                      </div>
                       & 
                      <div
                        data-testid="FormattedMessage"
                        id="time"
                      >
                        <div>
                          time
                        </div>
                      </div>
                    </div>
                    <div
                      align="center"
                      class="colHeaderDescription"
                      data-testid="TableCell"
                    >
                      <div
                        data-testid="FormattedMessage"
                        id="details"
                      >
                        <div>
                          details
                        </div>
                      </div>
                    </div>
                    <div
                      align="center"
                      class="colHeaderAmount"
                      data-testid="TableCell"
                    >
                      <div
                        data-testid="FormattedMessage"
                        id="amount"
                      >
                        <div>
                          amount
                        </div>
                      </div>
                    </div>
                    <div
                      align="center"
                      class="colHeaderOutstandingBalance"
                      data-testid="TableCell"
                    >
                      <div
                        data-testid="FormattedMessage"
                        id="outstandingBalance"
                      >
                        <div>
                          outstandingBalance
                        </div>
                      </div>
                    </div>
                    <div
                      align="center"
                      class="colHeaderPlayableBalance"
                      data-testid="TableCell"
                    >
                      <div
                        data-testid="FormattedMessage"
                        id="playableBalance"
                      >
                        <div>
                          playableBalance
                        </div>
                      </div>
                    </div>
                  </div>
                </div>
                <div
                  data-testid="TableBody"
                  id="testTableBody"
                >
                  <div
                    class="testTableRow"
                    classes="{\\"root\\":\\"row\\"}"
                    data-testid="TableRow"
                  >
                    <div
                      align="center"
                      class="testTableCell"
                      data-testid="TableCell"
                      scope="row"
                    >
                      11
                    </div>
                    <div
                      align="center"
                      class="testTableCell"
                      data-testid="TableCell"
                    >
                      <div
                        data-testid="DateTime"
                      />
                    </div>
                    <div
                      align="center"
                      class="testTableCell"
                      data-testid="TableCell"
                    >
                      <div
                        agentusername="testParent"
                        class="testDescription"
                        data-testid="Description"
                        row="{\\"rowNo\\":\\"11\\",\\"amount\\":\\"1000.0000001\\",\\"amountFormat\\":\\"defaultAmount1\\",\\"dateTime\\":\\"2021-07-15 14:32:23.7530001\\",\\"descriptionFormat\\":\\"depositApproved1\\",\\"outstandingBalanceFormat\\":\\"noOutstandingBalance1\\",\\"playableBalance\\":\\"1000.0000001\\"}"
                      >
                        <div>
                          depositApproved1
                        </div>
                        <div>
                          testParent
                        </div>
                      </div>
                    </div>
                    <div
                      align="right"
                      class="testTableCell"
                      data-testid="TableCell"
                    >
                      <div
                        class="testAmount"
                        data-testid="Amount"
                        row="{\\"rowNo\\":\\"11\\",\\"amount\\":\\"1000.0000001\\",\\"amountFormat\\":\\"defaultAmount1\\",\\"dateTime\\":\\"2021-07-15 14:32:23.7530001\\",\\"descriptionFormat\\":\\"depositApproved1\\",\\"outstandingBalanceFormat\\":\\"noOutstandingBalance1\\",\\"playableBalance\\":\\"1000.0000001\\"}"
                      >
                        No Amount Found
                      </div>
                    </div>
                    <div
                      align="right"
                      class="testTableCell"
                      data-testid="TableCell"
                    >
                      <div
                        class="testOutstandingBalance"
                        data-testid="OutstandingBalance"
                        row="{\\"rowNo\\":\\"11\\",\\"amount\\":\\"1000.0000001\\",\\"amountFormat\\":\\"defaultAmount1\\",\\"dateTime\\":\\"2021-07-15 14:32:23.7530001\\",\\"descriptionFormat\\":\\"depositApproved1\\",\\"outstandingBalanceFormat\\":\\"noOutstandingBalance1\\",\\"playableBalance\\":\\"1000.0000001\\"}"
                      >
                        No Outstanding Balance Found
                      </div>
                    </div>
                    <div
                      align="right"
                      class="testTableCell"
                      data-testid="TableCell"
                    >
                      <div
                        class="testPlayableBalance"
                        data-testid="PlayableBalance"
                        row="{\\"rowNo\\":\\"11\\",\\"amount\\":\\"1000.0000001\\",\\"amountFormat\\":\\"defaultAmount1\\",\\"dateTime\\":\\"2021-07-15 14:32:23.7530001\\",\\"descriptionFormat\\":\\"depositApproved1\\",\\"outstandingBalanceFormat\\":\\"noOutstandingBalance1\\",\\"playableBalance\\":\\"1000.0000001\\"}"
                      >
                        1000.0000001
                      </div>
                    </div>
                  </div>
                  <div
                    class="testTableRow"
                    classes="{\\"root\\":\\"row\\"}"
                    data-testid="TableRow"
                  >
                    <div
                      align="center"
                      class="testTableCell"
                      data-testid="TableCell"
                      scope="row"
                    >
                      21
                    </div>
                    <div
                      align="center"
                      class="testTableCell"
                      data-testid="TableCell"
                    >
                      <div
                        data-testid="DateTime"
                      />
                    </div>
                    <div
                      align="center"
                      class="testTableCell"
                      data-testid="TableCell"
                    >
                      <div
                        agentusername="testParent"
                        class="testDescription"
                        data-testid="Description"
                        row="{\\"rowNo\\":\\"21\\",\\"amount\\":\\"1000.0000001\\",\\"amountFormat\\":\\"defaultAmount1\\",\\"dateTime\\":\\"2021-07-15 14:32:23.7530001\\",\\"descriptionFormat\\":\\"depositApproved1\\",\\"outstandingBalanceFormat\\":\\"noOutstandingBalance1\\",\\"playableBalance\\":\\"1000.0000001\\"}"
                      >
                        <div>
                          depositApproved1
                        </div>
                        <div>
                          testParent
                        </div>
                      </div>
                    </div>
                    <div
                      align="right"
                      class="testTableCell"
                      data-testid="TableCell"
                    >
                      <div
                        class="testAmount"
                        data-testid="Amount"
                        row="{\\"rowNo\\":\\"21\\",\\"amount\\":\\"1000.0000001\\",\\"amountFormat\\":\\"defaultAmount1\\",\\"dateTime\\":\\"2021-07-15 14:32:23.7530001\\",\\"descriptionFormat\\":\\"depositApproved1\\",\\"outstandingBalanceFormat\\":\\"noOutstandingBalance1\\",\\"playableBalance\\":\\"1000.0000001\\"}"
                      >
                        No Amount Found
                      </div>
                    </div>
                    <div
                      align="right"
                      class="testTableCell"
                      data-testid="TableCell"
                    >
                      <div
                        class="testOutstandingBalance"
                        data-testid="OutstandingBalance"
                        row="{\\"rowNo\\":\\"21\\",\\"amount\\":\\"1000.0000001\\",\\"amountFormat\\":\\"defaultAmount1\\",\\"dateTime\\":\\"2021-07-15 14:32:23.7530001\\",\\"descriptionFormat\\":\\"depositApproved1\\",\\"outstandingBalanceFormat\\":\\"noOutstandingBalance1\\",\\"playableBalance\\":\\"1000.0000001\\"}"
                      >
                        No Outstanding Balance Found
                      </div>
                    </div>
                    <div
                      align="right"
                      class="testTableCell"
                      data-testid="TableCell"
                    >
                      <div
                        class="testPlayableBalance"
                        data-testid="PlayableBalance"
                        row="{\\"rowNo\\":\\"21\\",\\"amount\\":\\"1000.0000001\\",\\"amountFormat\\":\\"defaultAmount1\\",\\"dateTime\\":\\"2021-07-15 14:32:23.7530001\\",\\"descriptionFormat\\":\\"depositApproved1\\",\\"outstandingBalanceFormat\\":\\"noOutstandingBalance1\\",\\"playableBalance\\":\\"1000.0000001\\"}"
                      >
                        1000.0000001
                      </div>
                    </div>
                  </div>
                  <div
                    class="testTableRow"
                    classes="{\\"root\\":\\"row\\"}"
                    data-testid="TableRow"
                  >
                    <div
                      align="center"
                      class="testTableCell"
                      data-testid="TableCell"
                      scope="row"
                    >
                      31
                    </div>
                    <div
                      align="center"
                      class="testTableCell"
                      data-testid="TableCell"
                    >
                      <div
                        data-testid="DateTime"
                      />
                    </div>
                    <div
                      align="center"
                      class="testTableCell"
                      data-testid="TableCell"
                    >
                      <div
                        agentusername="testParent"
                        class="testDescription"
                        data-testid="Description"
                        row="{\\"rowNo\\":\\"31\\",\\"amount\\":\\"1000.0000001\\",\\"amountFormat\\":\\"defaultAmount1\\",\\"dateTime\\":\\"2021-07-15 14:32:23.7530001\\",\\"descriptionFormat\\":\\"depositApproved1\\",\\"outstandingBalanceFormat\\":\\"noOutstandingBalance1\\",\\"playableBalance\\":\\"1000.0000001\\"}"
                      >
                        <div>
                          depositApproved1
                        </div>
                        <div>
                          testParent
                        </div>
                      </div>
                    </div>
                    <div
                      align="right"
                      class="testTableCell"
                      data-testid="TableCell"
                    >
                      <div
                        class="testAmount"
                        data-testid="Amount"
                        row="{\\"rowNo\\":\\"31\\",\\"amount\\":\\"1000.0000001\\",\\"amountFormat\\":\\"defaultAmount1\\",\\"dateTime\\":\\"2021-07-15 14:32:23.7530001\\",\\"descriptionFormat\\":\\"depositApproved1\\",\\"outstandingBalanceFormat\\":\\"noOutstandingBalance1\\",\\"playableBalance\\":\\"1000.0000001\\"}"
                      >
                        No Amount Found
                      </div>
                    </div>
                    <div
                      align="right"
                      class="testTableCell"
                      data-testid="TableCell"
                    >
                      <div
                        class="testOutstandingBalance"
                        data-testid="OutstandingBalance"
                        row="{\\"rowNo\\":\\"31\\",\\"amount\\":\\"1000.0000001\\",\\"amountFormat\\":\\"defaultAmount1\\",\\"dateTime\\":\\"2021-07-15 14:32:23.7530001\\",\\"descriptionFormat\\":\\"depositApproved1\\",\\"outstandingBalanceFormat\\":\\"noOutstandingBalance1\\",\\"playableBalance\\":\\"1000.0000001\\"}"
                      >
                        No Outstanding Balance Found
                      </div>
                    </div>
                    <div
                      align="right"
                      class="testTableCell"
                      data-testid="TableCell"
                    >
                      <div
                        class="testPlayableBalance"
                        data-testid="PlayableBalance"
                        row="{\\"rowNo\\":\\"31\\",\\"amount\\":\\"1000.0000001\\",\\"amountFormat\\":\\"defaultAmount1\\",\\"dateTime\\":\\"2021-07-15 14:32:23.7530001\\",\\"descriptionFormat\\":\\"depositApproved1\\",\\"outstandingBalanceFormat\\":\\"noOutstandingBalance1\\",\\"playableBalance\\":\\"1000.0000001\\"}"
                      >
                        1000.0000001
                      </div>
                    </div>
                  </div>
                  <div
                    class="testTableRow"
                    classes="{\\"root\\":\\"row\\"}"
                    data-testid="TableRow"
                  >
                    <div
                      align="center"
                      class="testTableCell"
                      data-testid="TableCell"
                      scope="row"
                    >
                      41
                    </div>
                    <div
                      align="center"
                      class="testTableCell"
                      data-testid="TableCell"
                    >
                      <div
                        data-testid="DateTime"
                      />
                    </div>
                    <div
                      align="center"
                      class="testTableCell"
                      data-testid="TableCell"
                    >
                      <div
                        agentusername="testParent"
                        class="testDescription"
                        data-testid="Description"
                        row="{\\"rowNo\\":\\"41\\",\\"amount\\":\\"1000.0000001\\",\\"amountFormat\\":\\"defaultAmount1\\",\\"dateTime\\":\\"2021-07-15 14:32:23.7530001\\",\\"descriptionFormat\\":\\"depositApproved1\\",\\"outstandingBalanceFormat\\":\\"noOutstandingBalance1\\",\\"playableBalance\\":\\"1000.0000001\\"}"
                      >
                        <div>
                          depositApproved1
                        </div>
                        <div>
                          testParent
                        </div>
                      </div>
                    </div>
                    <div
                      align="right"
                      class="testTableCell"
                      data-testid="TableCell"
                    >
                      <div
                        class="testAmount"
                        data-testid="Amount"
                        row="{\\"rowNo\\":\\"41\\",\\"amount\\":\\"1000.0000001\\",\\"amountFormat\\":\\"defaultAmount1\\",\\"dateTime\\":\\"2021-07-15 14:32:23.7530001\\",\\"descriptionFormat\\":\\"depositApproved1\\",\\"outstandingBalanceFormat\\":\\"noOutstandingBalance1\\",\\"playableBalance\\":\\"1000.0000001\\"}"
                      >
                        No Amount Found
                      </div>
                    </div>
                    <div
                      align="right"
                      class="testTableCell"
                      data-testid="TableCell"
                    >
                      <div
                        class="testOutstandingBalance"
                        data-testid="OutstandingBalance"
                        row="{\\"rowNo\\":\\"41\\",\\"amount\\":\\"1000.0000001\\",\\"amountFormat\\":\\"defaultAmount1\\",\\"dateTime\\":\\"2021-07-15 14:32:23.7530001\\",\\"descriptionFormat\\":\\"depositApproved1\\",\\"outstandingBalanceFormat\\":\\"noOutstandingBalance1\\",\\"playableBalance\\":\\"1000.0000001\\"}"
                      >
                        No Outstanding Balance Found
                      </div>
                    </div>
                    <div
                      align="right"
                      class="testTableCell"
                      data-testid="TableCell"
                    >
                      <div
                        class="testPlayableBalance"
                        data-testid="PlayableBalance"
                        row="{\\"rowNo\\":\\"41\\",\\"amount\\":\\"1000.0000001\\",\\"amountFormat\\":\\"defaultAmount1\\",\\"dateTime\\":\\"2021-07-15 14:32:23.7530001\\",\\"descriptionFormat\\":\\"depositApproved1\\",\\"outstandingBalanceFormat\\":\\"noOutstandingBalance1\\",\\"playableBalance\\":\\"1000.0000001\\"}"
                      >
                        1000.0000001
                      </div>
                    </div>
                  </div>
                  <div
                    class="testTableRow"
                    classes="{\\"root\\":\\"row\\"}"
                    data-testid="TableRow"
                  >
                    <div
                      align="center"
                      class="testTableCell"
                      data-testid="TableCell"
                      scope="row"
                    >
                      51
                    </div>
                    <div
                      align="center"
                      class="testTableCell"
                      data-testid="TableCell"
                    >
                      <div
                        data-testid="DateTime"
                      />
                    </div>
                    <div
                      align="center"
                      class="testTableCell"
                      data-testid="TableCell"
                    >
                      <div
                        agentusername="testParent"
                        class="testDescription"
                        data-testid="Description"
                        row="{\\"rowNo\\":\\"51\\",\\"amount\\":\\"1000.0000001\\",\\"amountFormat\\":\\"defaultAmount1\\",\\"dateTime\\":\\"2021-07-15 14:32:23.7530001\\",\\"descriptionFormat\\":\\"depositApproved1\\",\\"outstandingBalanceFormat\\":\\"noOutstandingBalance1\\",\\"playableBalance\\":\\"1000.0000001\\"}"
                      >
                        <div>
                          depositApproved1
                        </div>
                        <div>
                          testParent
                        </div>
                      </div>
                    </div>
                    <div
                      align="right"
                      class="testTableCell"
                      data-testid="TableCell"
                    >
                      <div
                        class="testAmount"
                        data-testid="Amount"
                        row="{\\"rowNo\\":\\"51\\",\\"amount\\":\\"1000.0000001\\",\\"amountFormat\\":\\"defaultAmount1\\",\\"dateTime\\":\\"2021-07-15 14:32:23.7530001\\",\\"descriptionFormat\\":\\"depositApproved1\\",\\"outstandingBalanceFormat\\":\\"noOutstandingBalance1\\",\\"playableBalance\\":\\"1000.0000001\\"}"
                      >
                        No Amount Found
                      </div>
                    </div>
                    <div
                      align="right"
                      class="testTableCell"
                      data-testid="TableCell"
                    >
                      <div
                        class="testOutstandingBalance"
                        data-testid="OutstandingBalance"
                        row="{\\"rowNo\\":\\"51\\",\\"amount\\":\\"1000.0000001\\",\\"amountFormat\\":\\"defaultAmount1\\",\\"dateTime\\":\\"2021-07-15 14:32:23.7530001\\",\\"descriptionFormat\\":\\"depositApproved1\\",\\"outstandingBalanceFormat\\":\\"noOutstandingBalance1\\",\\"playableBalance\\":\\"1000.0000001\\"}"
                      >
                        No Outstanding Balance Found
                      </div>
                    </div>
                    <div
                      align="right"
                      class="testTableCell"
                      data-testid="TableCell"
                    >
                      <div
                        class="testPlayableBalance"
                        data-testid="PlayableBalance"
                        row="{\\"rowNo\\":\\"51\\",\\"amount\\":\\"1000.0000001\\",\\"amountFormat\\":\\"defaultAmount1\\",\\"dateTime\\":\\"2021-07-15 14:32:23.7530001\\",\\"descriptionFormat\\":\\"depositApproved1\\",\\"outstandingBalanceFormat\\":\\"noOutstandingBalance1\\",\\"playableBalance\\":\\"1000.0000001\\"}"
                      >
                        1000.0000001
                      </div>
                    </div>
                  </div>
                  <div
                    class="testTableRow"
                    classes="{\\"root\\":\\"row\\"}"
                    data-testid="TableRow"
                  >
                    <div
                      align="center"
                      class="testTableCell"
                      data-testid="TableCell"
                      scope="row"
                    >
                      61
                    </div>
                    <div
                      align="center"
                      class="testTableCell"
                      data-testid="TableCell"
                    >
                      <div
                        data-testid="DateTime"
                      />
                    </div>
                    <div
                      align="center"
                      class="testTableCell"
                      data-testid="TableCell"
                    >
                      <div
                        agentusername="testParent"
                        class="testDescription"
                        data-testid="Description"
                        row="{\\"rowNo\\":\\"61\\",\\"amount\\":\\"1000.0000001\\",\\"amountFormat\\":\\"defaultAmount1\\",\\"dateTime\\":\\"2021-07-15 14:32:23.7530001\\",\\"descriptionFormat\\":\\"depositApproved1\\",\\"outstandingBalanceFormat\\":\\"noOutstandingBalance1\\",\\"playableBalance\\":\\"1000.0000001\\"}"
                      >
                        <div>
                          depositApproved1
                        </div>
                        <div>
                          testParent
                        </div>
                      </div>
                    </div>
                    <div
                      align="right"
                      class="testTableCell"
                      data-testid="TableCell"
                    >
                      <div
                        class="testAmount"
                        data-testid="Amount"
                        row="{\\"rowNo\\":\\"61\\",\\"amount\\":\\"1000.0000001\\",\\"amountFormat\\":\\"defaultAmount1\\",\\"dateTime\\":\\"2021-07-15 14:32:23.7530001\\",\\"descriptionFormat\\":\\"depositApproved1\\",\\"outstandingBalanceFormat\\":\\"noOutstandingBalance1\\",\\"playableBalance\\":\\"1000.0000001\\"}"
                      >
                        No Amount Found
                      </div>
                    </div>
                    <div
                      align="right"
                      class="testTableCell"
                      data-testid="TableCell"
                    >
                      <div
                        class="testOutstandingBalance"
                        data-testid="OutstandingBalance"
                        row="{\\"rowNo\\":\\"61\\",\\"amount\\":\\"1000.0000001\\",\\"amountFormat\\":\\"defaultAmount1\\",\\"dateTime\\":\\"2021-07-15 14:32:23.7530001\\",\\"descriptionFormat\\":\\"depositApproved1\\",\\"outstandingBalanceFormat\\":\\"noOutstandingBalance1\\",\\"playableBalance\\":\\"1000.0000001\\"}"
                      >
                        No Outstanding Balance Found
                      </div>
                    </div>
                    <div
                      align="right"
                      class="testTableCell"
                      data-testid="TableCell"
                    >
                      <div
                        class="testPlayableBalance"
                        data-testid="PlayableBalance"
                        row="{\\"rowNo\\":\\"61\\",\\"amount\\":\\"1000.0000001\\",\\"amountFormat\\":\\"defaultAmount1\\",\\"dateTime\\":\\"2021-07-15 14:32:23.7530001\\",\\"descriptionFormat\\":\\"depositApproved1\\",\\"outstandingBalanceFormat\\":\\"noOutstandingBalance1\\",\\"playableBalance\\":\\"1000.0000001\\"}"
                      >
                        1000.0000001
                      </div>
                    </div>
                  </div>
                </div>
              </div>
            </div>
          </div>
        </div>
      </div>
    </div>
  </div>
</DocumentFragment>
`;
