// Jest Snapshot v1, https://goo.gl/fbAQLP

exports[`<ReportRunningBet/> should match snapshot 1`] = `
<DocumentFragment>
  <div
    category="reports"
    data-testid="LangDataProvider"
  >
    <div>
      reports
    </div>
    <div
      data-testid="default"
      sidebargroup="report"
    >
      <div
        class="tableSection"
      >
        <div
          data-testid="MobileTableRefresh"
          hasbackbutton="false"
          isdisabled="false"
        />
        <div>
          <div
            data-testid="FormattedMessage"
            id="totalRunningBets"
            values="[object Object]"
          >
            <div>
              totalRunningBets
            </div>
          </div>
        </div>
        <div>
          <div
            data-testid="TableIndicator"
            id="testTableInit"
            isempty="false"
            iserror="false"
            isloading="false"
            pagination="{\\"count\\":1,\\"page\\":0,\\"rowsPerPage\\":20}"
          >
            <span>
              Pagination count: 1
            </span>
            <span>
              Pagination page: 0
            </span>
            <span>
              Pagination rowsPerPage: 20
            </span>
            <span>
              Done loading TableIndicator
            </span>
            <div
              data-testid="TableContainer"
            >
              <div
                aria-label="a dense table"
                classes="{\\"root\\":\\"table\\"}"
                data-testid="Table"
              >
                <div
                  data-testid="TableHead"
                >
                  <div
                    classes="{\\"root\\":\\"row\\"}"
                    data-testid="TableRow"
                  >
                    <div
                      align="center"
                      class="colHeaderRowNum"
                      data-testid="TableCell"
                    >
                      #
                    </div>
                    <div
                      align="center"
                      class="colHeaderDateTime"
                      data-testid="TableCell"
                    >
                      <div
                        data-testid="FormattedMessage"
                        id="date"
                      >
                        <div>
                          date
                        </div>
                      </div>
                       & 
                      <div
                        data-testid="FormattedMessage"
                        id="time"
                      >
                        <div>
                          time
                        </div>
                      </div>
                    </div>
                    <div
                      align="center"
                      class="colGameDetails"
                      data-testid="TableCell"
                    >
                      <div
                        data-testid="FormattedMessage"
                        id="gameDetails"
                      >
                        <div>
                          gameDetails
                        </div>
                      </div>
                    </div>
                    <div
                      align="center"
                      class="colHeaderTurnover"
                      data-testid="TableCell"
                    >
                      <div
                        data-testid="FormattedMessage"
                        id="stakeTurnover"
                      >
                        <div>
                          stakeTurnover
                        </div>
                      </div>
                    </div>
                    <div
                      align="center"
                      class="colstatus"
                      data-testid="TableCell"
                    >
                      <div
                        data-testid="FormattedMessage"
                        id="status"
                      >
                        <div>
                          status
                        </div>
                      </div>
                    </div>
                  </div>
                </div>
                <div
                  data-testid="TableBody"
                >
                  <div
                    data-testid="TableRow"
                  >
                    <div
                      align="left"
                      data-testid="TableCell"
                      scope="row"
                    >
                      1
                    </div>
                    <div
                      align="center"
                      data-testid="TableCell"
                    >
                      <div
                        data-testid="DateTime"
                      />
                    </div>
                    <div
                      align="center"
                      data-testid="TableCell"
                    >
                      <div
                        data-testid="GameDetails"
                        row="{\\"event\\":\\"R1\\",\\"betLinkFormat\\":\\"noBetLink1\\",\\"reasonFormat\\":\\"noReason1\\",\\"gameID\\":\\"006401\\",\\"roundIDFormat\\":\\"roundDetID1\\",\\"roundDetID\\":2,\\"tableNameFormat\\":\\"gameName1\\",\\"gameName\\":\\"Everything about Net (Mobile)1\\",\\"stake\\":\\"100.0000001\\",\\"turnover\\":\\"100.0000001\\",\\"dateTime\\":\\"2021-08-27 08:00:00.0000001\\"}"
                      >
                        <span>
                          {"event":"R1","betLinkFormat":"noBetLink1","reasonFormat":"noReason1","gameID":"006401","roundIDFormat":"roundDetID1","roundDetID":2,"tableNameFormat":"gameName1","gameName":"Everything about Net (Mobile)1","stake":"100.0000001","turnover":"100.0000001","dateTime":"2021-08-27 08:00:00.0000001"}
                        </span>
                      </div>
                    </div>
                    <div
                      align="right"
                      data-testid="TableCell"
                    >
                      <div
                        data-testid="StakeTurnover"
                        row="{\\"event\\":\\"R1\\",\\"betLinkFormat\\":\\"noBetLink1\\",\\"reasonFormat\\":\\"noReason1\\",\\"gameID\\":\\"006401\\",\\"roundIDFormat\\":\\"roundDetID1\\",\\"roundDetID\\":2,\\"tableNameFormat\\":\\"gameName1\\",\\"gameName\\":\\"Everything about Net (Mobile)1\\",\\"stake\\":\\"100.0000001\\",\\"turnover\\":\\"100.0000001\\",\\"dateTime\\":\\"2021-08-27 08:00:00.0000001\\"}"
                      >
                        <div>
                          100.0000001
                        </div>
                        <div>
                          100.0000001
                        </div>
                      </div>
                    </div>
                    <div
                      align="center"
                      data-testid="TableCell"
                    >
                      <div
                        data-testid="GameResult"
                        row="{\\"event\\":\\"R1\\",\\"betLinkFormat\\":\\"noBetLink1\\",\\"reasonFormat\\":\\"noReason1\\",\\"gameID\\":\\"006401\\",\\"roundIDFormat\\":\\"roundDetID1\\",\\"roundDetID\\":2,\\"tableNameFormat\\":\\"gameName1\\",\\"gameName\\":\\"Everything about Net (Mobile)1\\",\\"stake\\":\\"100.0000001\\",\\"turnover\\":\\"100.0000001\\",\\"dateTime\\":\\"2021-08-27 08:00:00.0000001\\"}"
                      />
                    </div>
                  </div>
                  <div
                    data-testid="TableRow"
                  >
                    <div
                      align="left"
                      data-testid="TableCell"
                      scope="row"
                    >
                      2
                    </div>
                    <div
                      align="center"
                      data-testid="TableCell"
                    >
                      <div
                        data-testid="DateTime"
                      />
                    </div>
                    <div
                      align="center"
                      data-testid="TableCell"
                    >
                      <div
                        data-testid="GameDetails"
                        row="{\\"event\\":\\"R1\\",\\"betLinkFormat\\":\\"noBetLink1\\",\\"reasonFormat\\":\\"noReason1\\",\\"gameID\\":\\"016401\\",\\"roundIDFormat\\":\\"roundDetID1\\",\\"roundDetID\\":3,\\"tableNameFormat\\":\\"gameName1\\",\\"gameName\\":\\"Everything about Net (Desktop)1\\",\\"stake\\":\\"101.0000001\\",\\"turnover\\":\\"102.0000001\\",\\"dateTime\\":\\"2021-08-27 09:01:00.0000001\\"}"
                      >
                        <span>
                          {"event":"R1","betLinkFormat":"noBetLink1","reasonFormat":"noReason1","gameID":"016401","roundIDFormat":"roundDetID1","roundDetID":3,"tableNameFormat":"gameName1","gameName":"Everything about Net (Desktop)1","stake":"101.0000001","turnover":"102.0000001","dateTime":"2021-08-27 09:01:00.0000001"}
                        </span>
                      </div>
                    </div>
                    <div
                      align="right"
                      data-testid="TableCell"
                    >
                      <div
                        data-testid="StakeTurnover"
                        row="{\\"event\\":\\"R1\\",\\"betLinkFormat\\":\\"noBetLink1\\",\\"reasonFormat\\":\\"noReason1\\",\\"gameID\\":\\"016401\\",\\"roundIDFormat\\":\\"roundDetID1\\",\\"roundDetID\\":3,\\"tableNameFormat\\":\\"gameName1\\",\\"gameName\\":\\"Everything about Net (Desktop)1\\",\\"stake\\":\\"101.0000001\\",\\"turnover\\":\\"102.0000001\\",\\"dateTime\\":\\"2021-08-27 09:01:00.0000001\\"}"
                      >
                        <div>
                          101.0000001
                        </div>
                        <div>
                          102.0000001
                        </div>
                      </div>
                    </div>
                    <div
                      align="center"
                      data-testid="TableCell"
                    >
                      <div
                        data-testid="GameResult"
                        row="{\\"event\\":\\"R1\\",\\"betLinkFormat\\":\\"noBetLink1\\",\\"reasonFormat\\":\\"noReason1\\",\\"gameID\\":\\"016401\\",\\"roundIDFormat\\":\\"roundDetID1\\",\\"roundDetID\\":3,\\"tableNameFormat\\":\\"gameName1\\",\\"gameName\\":\\"Everything about Net (Desktop)1\\",\\"stake\\":\\"101.0000001\\",\\"turnover\\":\\"102.0000001\\",\\"dateTime\\":\\"2021-08-27 09:01:00.0000001\\"}"
                      />
                    </div>
                  </div>
                  <div
                    data-testid="TableRow"
                  >
                    <div
                      align="left"
                      data-testid="TableCell"
                      scope="row"
                    >
                      3
                    </div>
                    <div
                      align="center"
                      data-testid="TableCell"
                    >
                      <div
                        data-testid="DateTime"
                      />
                    </div>
                    <div
                      align="center"
                      data-testid="TableCell"
                    >
                      <div
                        data-testid="GameDetails"
                        row="{\\"event\\":\\"R1\\",\\"betLinkFormat\\":\\"noBetLink1\\",\\"reasonFormat\\":\\"noReason1\\",\\"gameID\\":\\"016411\\",\\"roundIDFormat\\":\\"roundDetID1\\",\\"roundDetID\\":3,\\"tableNameFormat\\":\\"gameName1\\",\\"gameName\\":\\"Everything about Net (Desktop)1\\",\\"stake\\":\\"121.0000001\\",\\"turnover\\":\\"112.0000001\\",\\"dateTime\\":\\"2021-08-27 10:01:00.0000001\\"}"
                      >
                        <span>
                          {"event":"R1","betLinkFormat":"noBetLink1","reasonFormat":"noReason1","gameID":"016411","roundIDFormat":"roundDetID1","roundDetID":3,"tableNameFormat":"gameName1","gameName":"Everything about Net (Desktop)1","stake":"121.0000001","turnover":"112.0000001","dateTime":"2021-08-27 10:01:00.0000001"}
                        </span>
                      </div>
                    </div>
                    <div
                      align="right"
                      data-testid="TableCell"
                    >
                      <div
                        data-testid="StakeTurnover"
                        row="{\\"event\\":\\"R1\\",\\"betLinkFormat\\":\\"noBetLink1\\",\\"reasonFormat\\":\\"noReason1\\",\\"gameID\\":\\"016411\\",\\"roundIDFormat\\":\\"roundDetID1\\",\\"roundDetID\\":3,\\"tableNameFormat\\":\\"gameName1\\",\\"gameName\\":\\"Everything about Net (Desktop)1\\",\\"stake\\":\\"121.0000001\\",\\"turnover\\":\\"112.0000001\\",\\"dateTime\\":\\"2021-08-27 10:01:00.0000001\\"}"
                      >
                        <div>
                          121.0000001
                        </div>
                        <div>
                          112.0000001
                        </div>
                      </div>
                    </div>
                    <div
                      align="center"
                      data-testid="TableCell"
                    >
                      <div
                        data-testid="GameResult"
                        row="{\\"event\\":\\"R1\\",\\"betLinkFormat\\":\\"noBetLink1\\",\\"reasonFormat\\":\\"noReason1\\",\\"gameID\\":\\"016411\\",\\"roundIDFormat\\":\\"roundDetID1\\",\\"roundDetID\\":3,\\"tableNameFormat\\":\\"gameName1\\",\\"gameName\\":\\"Everything about Net (Desktop)1\\",\\"stake\\":\\"121.0000001\\",\\"turnover\\":\\"112.0000001\\",\\"dateTime\\":\\"2021-08-27 10:01:00.0000001\\"}"
                      />
                    </div>
                  </div>
                </div>
              </div>
            </div>
          </div>
        </div>
      </div>
    </div>
  </div>
</DocumentFragment>
`;
