// Jest Snapshot v1, https://goo.gl/fbAQLP

exports[`</ReportStatement> should match snapshot 1`] = `
<DocumentFragment>
  <div
    category="reports"
    data-testid="LangDataProvider"
  >
    <div>
      reports
    </div>
    <div
      data-testid="default"
      sidebargroup="report"
    >
      <div
        class="tableSection"
      >
        <div
          class="dates"
        >
          <div
            activedate="1"
            data-testid="MobileDateRange"
            daterange="{\\"isLoading\\":false,\\"range\\":[{\\"number\\":3,\\"startDate\\":\\"2021-07-01\\",\\"endDate\\":\\"2021-07-31\\"},{\\"number\\":2,\\"startDate\\":\\"2021-08-01\\",\\"endDate\\":\\"2021-08-31\\"},{\\"number\\":1,\\"startDate\\":\\"2021-09-01\\",\\"endDate\\":\\"2021-09-01\\"}]}"
          >
            <span>
              activeDate: 1
            </span>
            <span>
              row: 
            </span>
          </div>
        </div>
        <div
          class="tableContent"
        >
          <div
            data-testid="TableIndicator"
            isempty="false"
            iserror="false"
            isloading="false"
          >
            <span>
              Done loading TableIndicator
            </span>
            <div
              data-testid="TableContainer"
            >
              <div
                data-testid="Table"
              >
                <div
                  data-testid="TableHead"
                >
                  <div
                    classes="{\\"root\\":\\"row\\"}"
                    data-testid="TableRow"
                  >
                    <div
                      align="left"
                      class="colHeaderRowNum"
                      data-testid="TableCell"
                    >
                      #
                    </div>
                    <div
                      align="center"
                      class="colHeaderDate"
                      data-testid="TableCell"
                    >
                      <div
                        data-testid="FormattedMessage"
                        id="date"
                      >
                        <div>
                          date
                        </div>
                      </div>
                    </div>
                    <div
                      align="center"
                      class="colHeaderType"
                      data-testid="TableCell"
                    >
                      <div
                        data-testid="FormattedMessage"
                        id="type"
                      >
                        <div>
                          type
                        </div>
                      </div>
                    </div>
                    <div
                      align="center"
                      class="colHeaderProduct"
                      data-testid="TableCell"
                    >
                      <div
                        data-testid="FormattedMessage"
                        id="product"
                      >
                        <div>
                          product
                        </div>
                      </div>
                    </div>
                    <div
                      align="right"
                      class="colHeaderTurnover"
                      data-testid="TableCell"
                    >
                      <div
                        data-testid="FormattedMessage"
                        id="turnover"
                      >
                        <div>
                          turnover
                        </div>
                      </div>
                    </div>
                    <div
                      align="right"
                      class="colHeaderGrossRake"
                      data-testid="TableCell"
                    >
                      <div
                        data-testid="FormattedMessage"
                        id="grossRake"
                      >
                        <div>
                          grossRake
                        </div>
                      </div>
                    </div>
                    <div
                      align="right"
                      class="colHeaderCommission"
                      data-testid="TableCell"
                    >
                      <div
                        data-testid="FormattedMessage"
                        id="commission"
                      >
                        <div>
                          commission
                        </div>
                      </div>
                    </div>
                    <div
                      align="right"
                      class="colHeaderCashBalance"
                      data-testid="TableCell"
                    >
                      <div
                        data-testid="FormattedMessage"
                        id="cashBalance"
                      >
                        <div>
                          cashBalance
                        </div>
                      </div>
                    </div>
                    <div
                      align="right"
                      class="colHeaderCredit"
                      data-testid="TableCell"
                    >
                      <div
                        data-testid="FormattedMessage"
                        id="credit"
                      >
                        <div>
                          credit
                        </div>
                      </div>
                    </div>
                  </div>
                </div>
                <div
                  data-testid="TableBody"
                >
                  <div
                    data-testid="TableRow"
                  >
                    <div
                      align="left"
                      data-testid="TableCell"
                      scope="row"
                    >
                      1
                    </div>
                    <div
                      align="center"
                      data-testid="TableCell"
                    >
                      <div
                        data-testid="DateLink"
                        row="{\\"rowNo\\":1,\\"type\\":\\"Betting\\",\\"date\\":\\"2021-09-01\\",\\"productFormat\\":\\"defaultProductName\\",\\"productID\\":\\"zy\\",\\"productName\\":\\"Games\\",\\"turnover\\":\\"101.200000\\",\\"grossRake\\":\\"0.000000\\",\\"commission\\":\\"0.006000\\",\\"cashBalance\\":\\"-100.500000\\",\\"credit\\":\\"0.000000\\"}"
                      >
                        <div
                          data-testid="Date"
                          date="2021-09-01"
                        />
                      </div>
                    </div>
                    <div
                      align="center"
                      data-testid="TableCell"
                    >
                      Betting
                    </div>
                    <div
                      align="center"
                      data-testid="TableCell"
                    >
                      <div
                        data-testid="Product"
                      >
                        Product Name: Default
                      </div>
                    </div>
                    <div
                      align="right"
                      data-testid="TableCell"
                    >
                      <div
                        data-testid="Turnover"
                        row="{\\"rowNo\\":1,\\"type\\":\\"Betting\\",\\"date\\":\\"2021-09-01\\",\\"productFormat\\":\\"defaultProductName\\",\\"productID\\":\\"zy\\",\\"productName\\":\\"Games\\",\\"turnover\\":\\"101.200000\\",\\"grossRake\\":\\"0.000000\\",\\"commission\\":\\"0.006000\\",\\"cashBalance\\":\\"-100.500000\\",\\"credit\\":\\"0.000000\\"}"
                      />
                    </div>
                    <div
                      align="right"
                      data-testid="TableCell"
                    >
                      <div
                        data-testid="GrossRake"
                      >
                        <div>
                          {"rowNo":1,"type":"Betting","date":"2021-09-01","productFormat":"defaultProductName","productID":"zy","productName":"Games","turnover":"101.200000","grossRake":"0.000000","commission":"0.006000","cashBalance":"-100.500000","credit":"0.000000"}
                        </div>
                      </div>
                    </div>
                    <div
                      align="right"
                      data-testid="TableCell"
                    >
                      <div
                        data-testid="Commission"
                        row="{\\"rowNo\\":1,\\"type\\":\\"Betting\\",\\"date\\":\\"2021-09-01\\",\\"productFormat\\":\\"defaultProductName\\",\\"productID\\":\\"zy\\",\\"productName\\":\\"Games\\",\\"turnover\\":\\"101.200000\\",\\"grossRake\\":\\"0.000000\\",\\"commission\\":\\"0.006000\\",\\"cashBalance\\":\\"-100.500000\\",\\"credit\\":\\"0.000000\\"}"
                      />
                    </div>
                    <div
                      align="right"
                      data-testid="TableCell"
                    >
                      <div
                        data-testid="CashBalance"
                        row="{\\"rowNo\\":1,\\"type\\":\\"Betting\\",\\"date\\":\\"2021-09-01\\",\\"productFormat\\":\\"defaultProductName\\",\\"productID\\":\\"zy\\",\\"productName\\":\\"Games\\",\\"turnover\\":\\"101.200000\\",\\"grossRake\\":\\"0.000000\\",\\"commission\\":\\"0.006000\\",\\"cashBalance\\":\\"-100.500000\\",\\"credit\\":\\"0.000000\\"}"
                      />
                    </div>
                    <div
                      align="right"
                      data-testid="TableCell"
                    >
                      <div
                        data-testid="Credit"
                        row="{\\"rowNo\\":1,\\"type\\":\\"Betting\\",\\"date\\":\\"2021-09-01\\",\\"productFormat\\":\\"defaultProductName\\",\\"productID\\":\\"zy\\",\\"productName\\":\\"Games\\",\\"turnover\\":\\"101.200000\\",\\"grossRake\\":\\"0.000000\\",\\"commission\\":\\"0.006000\\",\\"cashBalance\\":\\"-100.500000\\",\\"credit\\":\\"0.000000\\"}"
                      />
                    </div>
                  </div>
                  <div
                    data-testid="TableRow"
                  >
                    <div
                      align="left"
                      data-testid="TableCell"
                      scope="row"
                    >
                      2
                    </div>
                    <div
                      align="center"
                      data-testid="TableCell"
                    >
                      <div
                        data-testid="DateLink"
                        row="{\\"rowNo\\":2,\\"type\\":\\"Transfer\\",\\"date\\":\\"2021-09-01\\",\\"productFormat\\":\\"defaultProductName\\",\\"productID\\":\\"8q\\",\\"productName\\":\\"\\",\\"turnover\\":\\"0.000000\\",\\"grossRake\\":\\"0.000000\\",\\"commission\\":\\"0.000000\\",\\"cashBalance\\":\\"0.000000\\",\\"credit\\":\\"0.000000\\"}"
                      >
                        <div
                          data-testid="Date"
                          date="2021-09-01"
                        />
                      </div>
                    </div>
                    <div
                      align="center"
                      data-testid="TableCell"
                    >
                      Transfer
                    </div>
                    <div
                      align="center"
                      data-testid="TableCell"
                    >
                      <div
                        data-testid="Product"
                      >
                        Product Name: Default
                      </div>
                    </div>
                    <div
                      align="right"
                      data-testid="TableCell"
                    >
                      <div
                        data-testid="Turnover"
                        row="{\\"rowNo\\":2,\\"type\\":\\"Transfer\\",\\"date\\":\\"2021-09-01\\",\\"productFormat\\":\\"defaultProductName\\",\\"productID\\":\\"8q\\",\\"productName\\":\\"\\",\\"turnover\\":\\"0.000000\\",\\"grossRake\\":\\"0.000000\\",\\"commission\\":\\"0.000000\\",\\"cashBalance\\":\\"0.000000\\",\\"credit\\":\\"0.000000\\"}"
                      />
                    </div>
                    <div
                      align="right"
                      data-testid="TableCell"
                    >
                      <div
                        data-testid="GrossRake"
                      >
                        <div>
                          {"rowNo":2,"type":"Transfer","date":"2021-09-01","productFormat":"defaultProductName","productID":"8q","productName":"","turnover":"0.000000","grossRake":"0.000000","commission":"0.000000","cashBalance":"0.000000","credit":"0.000000"}
                        </div>
                      </div>
                    </div>
                    <div
                      align="right"
                      data-testid="TableCell"
                    >
                      <div
                        data-testid="Commission"
                        row="{\\"rowNo\\":2,\\"type\\":\\"Transfer\\",\\"date\\":\\"2021-09-01\\",\\"productFormat\\":\\"defaultProductName\\",\\"productID\\":\\"8q\\",\\"productName\\":\\"\\",\\"turnover\\":\\"0.000000\\",\\"grossRake\\":\\"0.000000\\",\\"commission\\":\\"0.000000\\",\\"cashBalance\\":\\"0.000000\\",\\"credit\\":\\"0.000000\\"}"
                      />
                    </div>
                    <div
                      align="right"
                      data-testid="TableCell"
                    >
                      <div
                        data-testid="CashBalance"
                        row="{\\"rowNo\\":2,\\"type\\":\\"Transfer\\",\\"date\\":\\"2021-09-01\\",\\"productFormat\\":\\"defaultProductName\\",\\"productID\\":\\"8q\\",\\"productName\\":\\"\\",\\"turnover\\":\\"0.000000\\",\\"grossRake\\":\\"0.000000\\",\\"commission\\":\\"0.000000\\",\\"cashBalance\\":\\"0.000000\\",\\"credit\\":\\"0.000000\\"}"
                      />
                    </div>
                    <div
                      align="right"
                      data-testid="TableCell"
                    >
                      <div
                        data-testid="Credit"
                        row="{\\"rowNo\\":2,\\"type\\":\\"Transfer\\",\\"date\\":\\"2021-09-01\\",\\"productFormat\\":\\"defaultProductName\\",\\"productID\\":\\"8q\\",\\"productName\\":\\"\\",\\"turnover\\":\\"0.000000\\",\\"grossRake\\":\\"0.000000\\",\\"commission\\":\\"0.000000\\",\\"cashBalance\\":\\"0.000000\\",\\"credit\\":\\"0.000000\\"}"
                      />
                    </div>
                  </div>
                </div>
                <div
                  data-testid="TableFooter"
                >
                  <div
                    data-testid="TableRow"
                  >
                    <div
                      colspan="3"
                      data-testid="TableCell"
                    />
                    <div
                      align="right"
                      data-testid="TableCell"
                    >
                      <div
                        data-testid="FormattedMessage"
                        id="total"
                      >
                        <div>
                          total
                        </div>
                      </div>
                    </div>
                    <div
                      align="right"
                      data-testid="TableCell"
                    >
                      <div
                        data-testid="Turnover"
                        row="{\\"grossRake\\":0,\\"turnover\\":101.2,\\"commission\\":0.006,\\"cashBalance\\":-100.5,\\"credit\\":0}"
                      />
                    </div>
                    <div
                      align="right"
                      data-testid="TableCell"
                    >
                      <div
                        data-testid="GrossRake"
                      >
                        <div>
                          {"grossRake":0,"turnover":101.2,"commission":0.006,"cashBalance":-100.5,"credit":0}
                        </div>
                      </div>
                    </div>
                    <div
                      align="right"
                      data-testid="TableCell"
                    >
                      <div
                        data-testid="Commission"
                        row="{\\"grossRake\\":0,\\"turnover\\":101.2,\\"commission\\":0.006,\\"cashBalance\\":-100.5,\\"credit\\":0}"
                      />
                    </div>
                    <div
                      align="right"
                      data-testid="TableCell"
                    >
                      <div
                        data-testid="CashBalance"
                        row="{\\"grossRake\\":0,\\"turnover\\":101.2,\\"commission\\":0.006,\\"cashBalance\\":-100.5,\\"credit\\":0}"
                      />
                    </div>
                    <div
                      align="right"
                      data-testid="TableCell"
                    >
                      <div
                        data-testid="Credit"
                        row="{\\"grossRake\\":0,\\"turnover\\":101.2,\\"commission\\":0.006,\\"cashBalance\\":-100.5,\\"credit\\":0}"
                      />
                    </div>
                  </div>
                </div>
              </div>
            </div>
          </div>
        </div>
      </div>
    </div>
  </div>
</DocumentFragment>
`;
